<html>
<body>
<pre>
<h1>µVision Build Log</h1>
<h2>Project:</h2>
C:\hj\1_project\0_W7500\W7500_FW_instructable\Projects\Peripheral_Examples\WZTOE\httpServer\MDK\W7500x_WZTOE_httpServer.uvproj
Project File Date:  05/21/2015

<h2>Output:</h2>
Rebuild target 'Target 1'
assembling startup_W7500x.s...
compiling W7500x_crg.c...
compiling W7500x_gpio.c...
compiling W7500x_uart.c...
compiling W7500x_wztoe.c...
compiling W7500x_pwm.c...
compiling system_W7500x.c...
compiling main.c...
..\main.c(264): warning:  #1-D: last line of file ends without a newline
  }
..\main.c: 1 warning, 0 errors
compiling retarget.c...
compiling W7500x_it.c...
compiling socket.c...
compiling wizchip_conf.c...
compiling httpParser.c...
..\..\..\..\..\ioLibrary\Internet\httpServer\httpParser.c(224): warning:  #1293-D: assignment in condition
        if((name = (uint8_t *)strstr(uri, param_name)))
..\..\..\..\..\ioLibrary\Internet\httpServer\httpParser.c: 1 warning, 0 errors
compiling httpServer.c...
..\..\..\..\..\ioLibrary\Internet\httpServer\httpServer.c(668): warning:  #550-D: variable "name_len" was set but never used
        uint16_t name_len;
..\..\..\..\..\ioLibrary\Internet\httpServer\httpServer.c: 1 warning, 0 errors
compiling httpUtil.c...
..\..\..\..\..\ioLibrary\Internet\httpServer\httpUtil.c(72): warning:  #177-D: variable "cgibuf" was declared but never referenced
        uint8_t cgibuf[14] = {0, };
..\..\..\..\..\ioLibrary\Internet\httpServer\httpUtil.c(73): warning:  #177-D: variable "cgi_dio" was declared but never referenced
        int8_t cgi_dio = -1;
..\..\..\..\..\ioLibrary\Internet\httpServer\httpUtil.c(74): warning:  #177-D: variable "cgi_ain" was declared but never referenced
        int8_t cgi_ain = -1;
..\..\..\..\..\ioLibrary\Internet\httpServer\httpUtil.c(76): warning:  #177-D: variable "i" was declared but never referenced
        uint8_t i;
..\..\..\..\..\ioLibrary\Internet\httpServer\httpUtil.c(172): warning:  #1293-D: assignment in condition
        if((param = get_http_param_value((char *)uri, "pin"))) // GPIO; D0 ~ D15
..\..\..\..\..\ioLibrary\Internet\httpServer\httpUtil.c: 5 warnings, 0 errors
compiling W7500x_miim.c...
compiling loopback.c...
linking...
Program Size: Code=21060 RO-data=5632 RW-data=132 ZI-data=6980  
After Build - User command #1: C:\Keil_v5\\ARM\ARMCC\BIN\fromelf.exe C:\hj\1_project\0_W7500\W7500_FW_instructable\Projects\Peripheral_Examples\WZTOE\httpServer\MDK\Obj\W7500x_WZTOE_httpServer.axf --vhx --8x1 --output main.hex;fromelf --bin -o "C:\hj\1_project\0_W7500\W7500_FW_instructable\Projects\Peripheral_Examples\WZTOE\httpServer\MDK\Obj\W7500x_WZTOE_httpServer.bin" "C:\hj\1_project\0_W7500\W7500_FW_instructable\Projects\Peripheral_Examples\WZTOE\httpServer\MDK\Obj\W7500x_WZTOE_httpServer.axf"
".\Obj\W7500x_WZTOE_httpServer.axf" - 0 Error(s), 8 Warning(s).
</pre>
</body>
</html>
