Product: MDK-ARM Standard 5.10
Component: ARM Compiler 5.04 update 1 (build 49)
Tool: armlink [5040049]

==============================================================================

Section Cross References

    startup_w7500x.o(STACK) refers (Special) to heapauxi.o(.text) for __use_two_region_memory
    startup_w7500x.o(HEAP) refers (Special) to heapauxi.o(.text) for __use_two_region_memory
    startup_w7500x.o(RESET) refers (Special) to heapauxi.o(.text) for __use_two_region_memory
    startup_w7500x.o(RESET) refers to startup_w7500x.o(STACK) for __initial_sp
    startup_w7500x.o(RESET) refers to startup_w7500x.o(.text) for Reset_Handler
    startup_w7500x.o(RESET) refers to w7500x_it.o(.text) for NMI_Handler
    startup_w7500x.o(.text) refers (Special) to heapauxi.o(.text) for __use_two_region_memory
    startup_w7500x.o(.text) refers to system_w7500x.o(.text) for SystemInit
    startup_w7500x.o(.text) refers to __main.o(!!!main) for __main
    startup_w7500x.o(.text) refers to startup_w7500x.o(HEAP) for Heap_Mem
    startup_w7500x.o(.text) refers to startup_w7500x.o(STACK) for Stack_Mem
    w7500x_uart.o(.text) refers to aeabi_sdiv.o(.text) for __aeabi_uidivmod
    w7500x_uart.o(.text) refers to fflti.o(.text) for __aeabi_ui2f
    w7500x_uart.o(.text) refers to fdiv.o(.text) for __aeabi_fdiv
    w7500x_uart.o(.text) refers to ffixui.o(.text) for __aeabi_f2uiz
    w7500x_uart.o(.text) refers to faddsub.o(x$fpl$frsb) for __aeabi_frsub
    w7500x_uart.o(.text) refers to fscalbn.o(.text) for __ARM_scalbnf
    w7500x_uart.o(.text) refers to f2d.o(.text) for __aeabi_f2d
    w7500x_uart.o(.text) refers to daddsub.o(.text) for __aeabi_dadd
    w7500x_uart.o(.text) refers to dfixui.o(.text) for __aeabi_d2uiz
    w7500x_uart.o(.text) refers to system_w7500x.o(.text) for GetSystemClock
    system_w7500x.o(.text) refers to aeabi_sdiv.o(.text) for __aeabi_uidivmod
    system_w7500x.o(.text) refers to system_w7500x.o(.data) for .data
    main.o(.text) refers to _printf_percent.o(.ARM.Collect$$_printf_percent$$00000000) for _printf_percent
    main.o(.text) refers to _printf_x.o(.ARM.Collect$$_printf_percent$$0000000C) for _printf_x
    main.o(.text) refers to _printf_hex_int.o(.text) for _printf_longlong_hex
    main.o(.text) refers to _printf_d.o(.ARM.Collect$$_printf_percent$$00000009) for _printf_d
    main.o(.text) refers to _printf_dec.o(.text) for _printf_int_dec
    main.o(.text) refers to w7500x_gpio.o(.text) for PAD_AFConfig
    main.o(.text) refers to aeabi_sdiv.o(.text) for __aeabi_uidivmod
    main.o(.text) refers to w7500x_pwm.o(.text) for PWM_TimerModeInit
    main.o(.text) refers to w7500x_uart.o(.text) for UART_StructInit
    main.o(.text) refers to system_w7500x.o(.text) for SystemInit
    main.o(.text) refers to w7500x_miim.o(.text) for mdio_init
    main.o(.text) refers to __2printf.o(.text) for __2printf
    main.o(.text) refers to w7500x_wztoe.o(.text) for WIZCHIP_WRITE
    main.o(.text) refers to httpserver.o(.text) for httpServer_init
    main.o(.text) refers to loopback.o(.text) for loopback_tcps
    main.o(.text) refers to main.o(.data) for .data
    main.o(.text) refers to system_w7500x.o(.data) for SystemCoreClock
    main.o(.text) refers to main.o(.bss) for .bss
    main.o(.text) refers to main.o(.conststring) for .conststring
    retarget.o(.rev16_text) refers (Special) to use_no_semi.o(.text) for __use_no_semihosting_swi
    retarget.o(.revsh_text) refers (Special) to use_no_semi.o(.text) for __use_no_semihosting_swi
    retarget.o(.text) refers (Special) to use_no_semi.o(.text) for __use_no_semihosting_swi
    retarget.o(.text) refers to w7500x_uart.o(.text) for UartPutc
    retarget.o(.data) refers (Special) to use_no_semi.o(.text) for __use_no_semihosting_swi
    retarget.o(.data) refers (Special) to use_no_semi.o(.text) for __use_no_semihosting_swi
    w7500x_it.o(.text) refers to main.o(.text) for TimingDelay_Decrement
    w7500x_it.o(.text) refers to w7500x_it.o(.data) for .data
    socket.o(.text) refers to w7500x_wztoe.o(.text) for WIZCHIP_WRITE
    socket.o(.text) refers to socket.o(.data) for .data
    socket.o(.text) refers to socket.o(.bss) for .bss
    socket.o(.text) refers to socket.o(i.__ARM_common_switch8) for __ARM_common_switch8
    wizchip_conf.o(.text) refers to w7500x_wztoe.o(.text) for WIZCHIP_READ
    wizchip_conf.o(.text) refers to socket.o(i.__ARM_common_switch8) for __ARM_common_switch8
    wizchip_conf.o(.text) refers to wizchip_conf.o(.data) for .data
    wizchip_conf.o(.data) refers to wizchip_conf.o(.text) for wizchip_cris_enter
    httpparser.o(.text) refers to _printf_percent.o(.ARM.Collect$$_printf_percent$$00000000) for _printf_percent
    httpparser.o(.text) refers to _printf_d.o(.ARM.Collect$$_printf_percent$$00000009) for _printf_d
    httpparser.o(.text) refers to _printf_dec.o(.text) for _printf_int_dec
    httpparser.o(.text) refers to __2sprintf.o(.text) for __2sprintf
    httpparser.o(.text) refers to strcpy.o(.text) for strcpy
[...]
    ../clib/angel/rt.s                       0x00000000   Number         0  rt_div0.o ABSOLUTE
    ../clib/angel/rt.s                       0x00000000   Number         0  aeabi_idiv0.o ABSOLUTE
    ../clib/angel/scatterp.s                 0x00000000   Number         0  __scatter.o ABSOLUTE
    ../clib/angel/startup.s                  0x00000000   Number         0  __main.o ABSOLUTE
    ../clib/angel/sys.s                      0x00000000   Number         0  sys_stackheap_outer.o ABSOLUTE
    ../clib/angel/sys.s                      0x00000000   Number         0  libspace.o ABSOLUTE
    ../clib/angel/sys.s                      0x00000000   Number         0  tempstk.o ABSOLUTE
    ../clib/angel/sys.s                      0x00000000   Number         0  use_no_semi.o ABSOLUTE
    ../clib/angel/sys.s                      0x00000000   Number         0  indicate_semi.o ABSOLUTE
    ../clib/angel/sysapp.c                   0x00000000   Number         0  sys_command.o ABSOLUTE
    ../clib/armsys.c                         0x00000000   Number         0  no_argv.o ABSOLUTE
    ../clib/armsys.c                         0x00000000   Number         0  _get_argv_nomalloc.o ABSOLUTE
    ../clib/armsys.c                         0x00000000   Number         0  argv_veneer.o ABSOLUTE
    ../clib/division.c                       0x00000000   Number         0  rtudiv10.o ABSOLUTE
    ../clib/division.s                       0x00000000   Number         0  aeabi_sdiv.o ABSOLUTE
    ../clib/division.s                       0x00000000   Number         0  aeabi_sdiv_div0.o ABSOLUTE
    ../clib/heapalloc.c                      0x00000000   Number         0  hrguard.o ABSOLUTE
    ../clib/heapaux.c                        0x00000000   Number         0  heapauxi.o ABSOLUTE
    ../clib/libinit.s                        0x00000000   Number         0  libinit.o ABSOLUTE
    ../clib/libinit.s                        0x00000000   Number         0  libshutdown.o ABSOLUTE
    ../clib/libinit.s                        0x00000000   Number         0  libinit2.o ABSOLUTE
    ../clib/libinit.s                        0x00000000   Number         0  libshutdown2.o ABSOLUTE
    ../clib/memcpset.c                       0x00000000   Number         0  rt_memclr.o ABSOLUTE
    ../clib/memcpset.c                       0x00000000   Number         0  rt_memcpy.o ABSOLUTE
    ../clib/memcpset.c                       0x00000000   Number         0  rt_memcpy.o ABSOLUTE
    ../clib/misc.s                           0x00000000   Number         0  printf_stubs.o ABSOLUTE
    ../clib/printf.c                         0x00000000   Number         0  __2sprintf.o ABSOLUTE
    ../clib/printf.c                         0x00000000   Number         0  _printf_hex_ll.o ABSOLUTE
    ../clib/printf.c                         0x00000000   Number         0  __printf_flags_ss.o ABSOLUTE
    ../clib/printf.c                         0x00000000   Number         0  noretval__2printf.o ABSOLUTE
    ../clib/printf.c                         0x00000000   Number         0  __printf_flags.o ABSOLUTE
    ../clib/printf.c                         0x00000000   Number         0  __printf_flags_ss_wp.o ABSOLUTE
    ../clib/printf.c                         0x00000000   Number         0  __printf_ss_wp.o ABSOLUTE
    ../clib/printf.c                         0x00000000   Number         0  __printf_flags_wp.o ABSOLUTE
    ../clib/printf.c                         0x00000000   Number         0  noretval__2sprintf.o ABSOLUTE
    ../clib/printf.c                         0x00000000   Number         0  __printf_ss.o ABSOLUTE
    ../clib/printf.c                         0x00000000   Number         0  _printf_hex_int_ll_ptr.o ABSOLUTE
    ../clib/printf.c                         0x00000000   Number         0  _printf_hex_ll_ptr.o ABSOLUTE
    ../clib/printf.c                         0x00000000   Number         0  _printf_hex_int_ptr.o ABSOLUTE
    ../clib/printf.c                         0x00000000   Number         0  __printf.o ABSOLUTE
    ../clib/printf.c                         0x00000000   Number         0  _printf_str.o ABSOLUTE
    ../clib/printf.c                         0x00000000   Number         0  _printf_hex_ptr.o ABSOLUTE
    ../clib/printf.c                         0x00000000   Number         0  __2printf.o ABSOLUTE
    ../clib/printf.c                         0x00000000   Number         0  _printf_intcommon.o ABSOLUTE
    ../clib/printf.c                         0x00000000   Number         0  __printf_nopercent.o ABSOLUTE
    ../clib/printf.c                         0x00000000   Number         0  _printf_hex_int_ll.o ABSOLUTE
    ../clib/printf.c                         0x00000000   Number         0  _printf_char_file.o ABSOLUTE
    ../clib/printf.c                         0x00000000   Number         0  _printf_char.o ABSOLUTE
    ../clib/printf.c                         0x00000000   Number         0  _sputc.o ABSOLUTE
    ../clib/printf.c                         0x00000000   Number         0  __printf_wp.o ABSOLUTE
    ../clib/printf.c                         0x00000000   Number         0  _printf_dec.o ABSOLUTE
    ../clib/printf.c                         0x00000000   Number         0  _printf_hex_int.o ABSOLUTE
    ../clib/printf.c                         0x00000000   Number         0  _printf_char_common.o ABSOLUTE
    ../clib/printf_percent.s                 0x00000000   Number         0  _printf_percent_end.o ABSOLUTE
    ../clib/printf_percent.s                 0x00000000   Number         0  _printf_s.o ABSOLUTE
    ../clib/printf_percent.s                 0x00000000   Number         0  _printf_x.o ABSOLUTE
    ../clib/printf_percent.s                 0x00000000   Number         0  _printf_percent.o ABSOLUTE
    ../clib/printf_percent.s                 0x00000000   Number         0  _printf_d.o ABSOLUTE
    ../clib/signal.c                         0x00000000   Number         0  defsig_abrt_inner.o ABSOLUTE
    ../clib/signal.c                         0x00000000   Number         0  defsig_exit.o ABSOLUTE
    ../clib/signal.c                         0x00000000   Number         0  defsig_general.o ABSOLUTE
    ../clib/signal.c                         0x00000000   Number         0  defsig_fpe_inner.o ABSOLUTE
    ../clib/signal.c                         0x00000000   Number         0  defsig_rtmem_outer.o ABSOLUTE
    ../clib/signal.c                         0x00000000   Number         0  defsig_rtmem_inner.o ABSOLUTE
    ../clib/signal.c                         0x00000000   Number         0  defsig_rtred_inner.o ABSOLUTE
    ../clib/signal.c                         0x00000000   Number         0  defsig_rtmem_formal.o ABSOLUTE
    ../clib/signal.c                         0x00000000   Number         0  defsig_stak_inner.o ABSOLUTE
    ../clib/signal.c                         0x00000000   Number         0  defsig_pvfn_inner.o ABSOLUTE
    ../clib/signal.c                         0x00000000   Number         0  defsig_cppl_inner.o ABSOLUTE
    ../clib/signal.c                         0x00000000   Number         0  defsig_segv_inner.o ABSOLUTE
    ../clib/signal.c                         0x00000000   Number         0  defsig_other.o ABSOLUTE
    ../clib/signal.c                         0x00000000   Number         0  defsig_fpe_formal.o ABSOLUTE
    ../clib/signal.c                         0x00000000   Number         0  defsig_fpe_outer.o ABSOLUTE
    ../clib/signal.c                         0x00000000   Number         0  __raise.o ABSOLUTE
    ../clib/signal.s                         0x00000000   Number         0  defsig.o ABSOLUTE
    ../clib/stdlib.c                         0x00000000   Number         0  exit.o ABSOLUTE
    ../clib/string.c                         0x00000000   Number         0  strspn.o ABSOLUTE
    ../clib/string.c                         0x00000000   Number         0  strcspn.o ABSOLUTE
    ../clib/string.c                         0x00000000   Number         0  strstr.o ABSOLUTE
    ../clib/string.c                         0x00000000   Number         0  strcmp.o ABSOLUTE
    ../clib/string.c                         0x00000000   Number         0  strcpy.o ABSOLUTE
    ../clib/string.c                         0x00000000   Number         0  strlen.o ABSOLUTE
    ../clib/string.c                         0x00000000   Number         0  strcat.o ABSOLUTE
    ../clib/string.c                         0x00000000   Number         0  strtok.o ABSOLUTE
    ../clib/string.c                         0x00000000   Number         0  strncpy.o ABSOLUTE
    ../clib/string.c                         0x00000000   Number         0  strtok_int.o ABSOLUTE
    ../fplib/cfplib/daddsub.c                0x00000000   Number         0  daddsub.o ABSOLUTE
    ../fplib/cfplib/f2d.c                    0x00000000   Number         0  f2d.o ABSOLUTE
    ../fplib/cfplib/fdiv.c                   0x00000000   Number         0  fdiv.o ABSOLUTE
    ../fplib/cfplib/ffix.c                   0x00000000   Number         0  dfixui.o ABSOLUTE
    ../fplib/cfplib/ffix.c                   0x00000000   Number         0  ffixui.o ABSOLUTE
    ../fplib/cfplib/fflt.c                   0x00000000   Number         0  fflti.o ABSOLUTE
    ../fplib/cfplib/fpinit.c                 0x00000000   Number         0  fpinit.o ABSOLUTE
    ../fplib/cfplib/scalbn.c                 0x00000000   Number         0  fscalbn.o ABSOLUTE
    ../fplib/faddsub6m.s                     0x00000000   Number         0  faddsub.o ABSOLUTE
    ../fplib/usenofp.s                       0x00000000   Number         0  usenofp.o ABSOLUTE
    ..\..\..\..\..\Libraries\CMSIS\Device\WIZnet\W7500\Source\ARM\startup_W7500x.s 0x00000000   Number         0  startup_w7500x.o ABSOLUTE
    ..\..\..\..\..\Libraries\CMSIS\Device\WIZnet\W7500\Source\system_W7500x.c 0x00000000   Number         0  system_w7500x.o ABSOLUTE
    ..\..\..\..\..\Libraries\W7500x_stdPeriph_Driver\src\W7500x_crg.c 0x00000000   Number         0  w7500x_crg.o ABSOLUTE
    ..\..\..\..\..\Libraries\W7500x_stdPeriph_Driver\src\W7500x_gpio.c 0x00000000   Number         0  w7500x_gpio.o ABSOLUTE
    ..\..\..\..\..\Libraries\W7500x_stdPeriph_Driver\src\W7500x_pwm.c 0x00000000   Number         0  w7500x_pwm.o ABSOLUTE
    ..\..\..\..\..\Libraries\W7500x_stdPeriph_Driver\src\W7500x_uart.c 0x00000000   Number         0  w7500x_uart.o ABSOLUTE
    ..\..\..\..\..\Libraries\W7500x_stdPeriph_Driver\src\W7500x_wztoe.c 0x00000000   Number         0  w7500x_wztoe.o ABSOLUTE
    ..\..\..\..\..\ioLibrary\Application\loopback\loopback.c 0x00000000   Number         0  loopback.o ABSOLUTE
    ..\..\..\..\..\ioLibrary\Ethernet\socket.c 0x00000000   Number         0  socket.o ABSOLUTE
    ..\..\..\..\..\ioLibrary\Ethernet\wizchip_conf.c 0x00000000   Number         0  wizchip_conf.o ABSOLUTE
    ..\..\..\..\..\ioLibrary\Internet\httpServer\httpParser.c 0x00000000   Number         0  httpparser.o ABSOLUTE
    ..\..\..\..\..\ioLibrary\Internet\httpServer\httpServer.c 0x00000000   Number         0  httpserver.o ABSOLUTE
    ..\..\..\..\..\ioLibrary\Internet\httpServer\httpUtil.c 0x00000000   Number         0  httputil.o ABSOLUTE
    ..\..\..\..\..\ioLibrary\MDIO\W7500x_miim.c 0x00000000   Number         0  w7500x_miim.o ABSOLUTE
    ..\W7500x_it.c                           0x00000000   Number         0  w7500x_it.o ABSOLUTE
    ..\\..\\..\\..\\..\\Libraries\\CMSIS\\Device\\WIZnet\\W7500\\Source\\system_W7500x.c 0x00000000   Number         0  system_w7500x.o ABSOLUTE
    ..\\..\\..\\..\\..\\Libraries\\W7500x_stdPeriph_Driver\\src\\W7500x_crg.c 0x00000000   Number         0  w7500x_crg.o ABSOLUTE
    ..\\..\\..\\..\\..\\Libraries\\W7500x_stdPeriph_Driver\\src\\W7500x_gpio.c 0x00000000   Number         0  w7500x_gpio.o ABSOLUTE
    ..\\..\\..\\..\\..\\Libraries\\W7500x_stdPeriph_Driver\\src\\W7500x_pwm.c 0x00000000   Number         0  w7500x_pwm.o ABSOLUTE
    ..\\..\\..\\..\\..\\Libraries\\W7500x_stdPeriph_Driver\\src\\W7500x_uart.c 0x00000000   Number         0  w7500x_uart.o ABSOLUTE
    ..\\..\\..\\..\\..\\Libraries\\W7500x_stdPeriph_Driver\\src\\W7500x_wztoe.c 0x00000000   Number         0  w7500x_wztoe.o ABSOLUTE
    ..\\..\\..\\..\\..\\ioLibrary\\Application\\loopback\\loopback.c 0x00000000   Number         0  loopback.o ABSOLUTE
    ..\\..\\..\\..\\..\\ioLibrary\\Ethernet\\socket.c 0x00000000   Number         0  socket.o ABSOLUTE
    ..\\..\\..\\..\\..\\ioLibrary\\Ethernet\\wizchip_conf.c 0x00000000   Number         0  wizchip_conf.o ABSOLUTE
    ..\\..\\..\\..\\..\\ioLibrary\\Internet\\httpServer\\httpParser.c 0x00000000   Number         0  httpparser.o ABSOLUTE
    ..\\..\\..\\..\\..\\ioLibrary\\Internet\\httpServer\\httpServer.c 0x00000000   Number         0  httpserver.o ABSOLUTE
    ..\\..\\..\\..\\..\\ioLibrary\\Internet\\httpServer\\httpUtil.c 0x00000000   Number         0  httputil.o ABSOLUTE
    ..\\..\\..\\..\\..\\ioLibrary\\MDIO\\W7500x_miim.c 0x00000000   Number         0  w7500x_miim.o ABSOLUTE
    ..\\W7500x_it.c                          0x00000000   Number         0  w7500x_it.o ABSOLUTE
    ..\\main.c                               0x00000000   Number         0  main.o ABSOLUTE
    ..\\retarget.c                           0x00000000   Number         0  retarget.o ABSOLUTE
    ..\main.c                                0x00000000   Number         0  main.o ABSOLUTE
    ..\retarget.c                            0x00000000   Number         0  retarget.o ABSOLUTE
    dc.s                                     0x00000000   Number         0  dc.o ABSOLUTE
    !!!main                                  0x000000a8   Section        8  __main.o(!!!main)
    !!!scatter                               0x000000b0   Section       60  __scatter.o(!!!scatter)
    !!handler_copy                           0x000000ec   Section       26  __scatter_copy.o(!!handler_copy)
    !!handler_zi                             0x00000108   Section       28  __scatter_zi.o(!!handler_zi)
    .ARM.Collect$$_printf_percent$$00000000  0x00000124   Section        2  _printf_percent.o(.ARM.Collect$$_printf_percent$$00000000)
    .ARM.Collect$$_printf_percent$$00000009  0x00000126   Section       10  _printf_d.o(.ARM.Collect$$_printf_percent$$00000009)
    .ARM.Collect$$_printf_percent$$0000000C  0x00000130   Section       10  _printf_x.o(.ARM.Collect$$_printf_percent$$0000000C)
    .ARM.Collect$$_printf_percent$$00000014  0x0000013a   Section       10  _printf_s.o(.ARM.Collect$$_printf_percent$$00000014)
    .ARM.Collect$$_printf_percent$$00000017  0x00000144   Section        4  _printf_percent_end.o(.ARM.Collect$$_printf_percent$$00000017)
    .ARM.Collect$$libinit$$00000000          0x00000148   Section        2  libinit.o(.ARM.Collect$$libinit$$00000000)
    .ARM.Collect$$libinit$$00000001          0x0000014a   Section        4  libinit2.o(.ARM.Collect$$libinit$$00000001)
    .ARM.Collect$$libinit$$00000008          0x0000014e   Section        0  libinit2.o(.ARM.Collect$$libinit$$00000008)
    .ARM.Collect$$libinit$$0000000A          0x0000014e   Section        0  libinit2.o(.ARM.Collect$$libinit$$0000000A)
    .ARM.Collect$$libinit$$0000000C          0x0000014e   Section        0  libinit2.o(.ARM.Collect$$libinit$$0000000C)
    .ARM.Collect$$libinit$$0000000F          0x0000014e   Section        0  libinit2.o(.ARM.Collect$$libinit$$0000000F)
    .ARM.Collect$$libinit$$00000011          0x0000014e   Section        0  libinit2.o(.ARM.Collect$$libinit$$00000011)
    .ARM.Collect$$libinit$$00000013          0x0000014e   Section        0  libinit2.o(.ARM.Collect$$libinit$$00000013)
    .ARM.Collect$$libinit$$00000015          0x0000014e   Section        0  libinit2.o(.ARM.Collect$$libinit$$00000015)
    .ARM.Collect$$libinit$$00000017          0x0000014e   Section        0  libinit2.o(.ARM.Collect$$libinit$$00000017)
    .ARM.Collect$$libinit$$00000019          0x0000014e   Section        0  libinit2.o(.ARM.Collect$$libinit$$00000019)
    .ARM.Collect$$libinit$$0000001B          0x0000014e   Section        0  libinit2.o(.ARM.Collect$$libinit$$0000001B)
    .ARM.Collect$$libinit$$0000001D          0x0000014e   Section        0  libinit2.o(.ARM.Collect$$libinit$$0000001D)
    .ARM.Collect$$libinit$$0000001F          0x0000014e   Section        0  libinit2.o(.ARM.Collect$$libinit$$0000001F)
    .ARM.Collect$$libinit$$00000021          0x0000014e   Section        0  libinit2.o(.ARM.Collect$$libinit$$00000021)
    .ARM.Collect$$libinit$$00000023          0x0000014e   Section        0  libinit2.o(.ARM.Collect$$libinit$$00000023)
    .ARM.Collect$$libinit$$0000002A          0x0000014e   Section        0  libinit2.o(.ARM.Collect$$libinit$$0000002A)
    .ARM.Collect$$libinit$$0000002C          0x0000014e   Section        0  libinit2.o(.ARM.Collect$$libinit$$0000002C)
    .ARM.Collect$$libinit$$0000002E          0x0000014e   Section        0  libinit2.o(.ARM.Collect$$libinit$$0000002E)
    .ARM.Collect$$libinit$$00000030          0x0000014e   Section        0  libinit2.o(.ARM.Collect$$libinit$$00000030)
    .ARM.Collect$$libinit$$00000031          0x0000014e   Section        2  libinit2.o(.ARM.Collect$$libinit$$00000031)
    .ARM.Collect$$libshutdown$$00000000      0x00000150   Section        2  libshutdown.o(.ARM.Collect$$libshutdown$$00000000)
    .ARM.Collect$$libshutdown$$00000003      0x00000152   Section        0  libshutdown2.o(.ARM.Collect$$libshutdown$$00000003)
    .ARM.Collect$$libshutdown$$00000006      0x00000152   Section        0  libshutdown2.o(.ARM.Collect$$libshutdown$$00000006)
    .ARM.Collect$$libshutdown$$00000009      0x00000152   Section        0  libshutdown2.o(.ARM.Collect$$libshutdown$$00000009)
    .ARM.Collect$$libshutdown$$0000000B      0x00000152   Section        0  libshutdown2.o(.ARM.Collect$$libshutdown$$0000000B)
    .ARM.Collect$$libshutdown$$0000000E      0x00000152   Section        0  libshutdown2.o(.ARM.Collect$$libshutdown$$0000000E)
    .ARM.Collect$$libshutdown$$0000000F      0x00000152   Section        2  libshutdown2.o(.ARM.Collect$$libshutdown$$0000000F)
    .ARM.Collect$$rtentry$$00000000          0x00000154   Section        0  rtentry.o(.ARM.Collect$$rtentry$$00000000)
    .ARM.Collect$$rtentry$$00000002          0x00000154   Section        0  rtentry2.o(.ARM.Collect$$rtentry$$00000002)
    .ARM.Collect$$rtentry$$00000004          0x00000154   Section        6  rtentry4.o(.ARM.Collect$$rtentry$$00000004)
    .ARM.Collect$$rtentry$$00000009          0x0000015a   Section        0  rtentry2.o(.ARM.Collect$$rtentry$$00000009)
    .ARM.Collect$$rtentry$$0000000A          0x0000015a   Section        4  rtentry2.o(.ARM.Collect$$rtentry$$0000000A)
    .ARM.Collect$$rtentry$$0000000C          0x0000015e   Section        0  rtentry2.o(.ARM.Collect$$rtentry$$0000000C)
    .ARM.Collect$$rtentry$$0000000D          0x0000015e   Section        8  rtentry2.o(.ARM.Collect$$rtentry$$0000000D)
    .ARM.Collect$$rtexit$$00000000           0x00000166   Section        2  rtexit.o(.ARM.Collect$$rtexit$$00000000)
    .ARM.Collect$$rtexit$$00000002           0x00000168   Section        0  rtexit2.o(.ARM.Collect$$rtexit$$00000002)
    .ARM.Collect$$rtexit$$00000003           0x00000168   Section        4  rtexit2.o(.ARM.Collect$$rtexit$$00000003)
    .ARM.Collect$$rtexit$$00000004           0x0000016c   Section        6  rtexit2.o(.ARM.Collect$$rtexit$$00000004)
    .emb_text                                0x00000174   Section       56  rt_memcpy.o(.emb_text)
    .text                                    0x000001ac   Section       56  startup_w7500x.o(.text)
    .text                                    0x000001e4   Section        0  w7500x_gpio.o(.text)
    .text                                    0x00000418   Section        0  w7500x_uart.o(.text)
    .text                                    0x00000638   Section        0  w7500x_wztoe.o(.text)
    .text                                    0x000006ec   Section        0  w7500x_pwm.o(.text)
    .text                                    0x00000d34   Section        0  system_w7500x.o(.text)
    .text                                    0x00000d94   Section        0  main.o(.text)
    NVIC_SystemReset                         0x0000114d   Thumb Code    18  main.o(.text)
    .text                                    0x000012c4   Section        0  retarget.o(.text)
    .text                                    0x000012fc   Section        0  w7500x_it.o(.text)
    .text                                    0x0000134c   Section        0  socket.o(.text)
    .text                                    0x00001e00   Section        0  wizchip_conf.o(.text)
    .text                                    0x000023cc   Section        0  httpparser.o(.text)
    C2D                                      0x000023cd   Thumb Code    38  httpparser.o(.text)
    .text                                    0x00002c2c   Section        0  httpserver.o(.text)
    send_http_response_body                  0x00002ca7   Thumb Code   230  httpserver.o(.text)
    send_http_response_header                0x00002d95   Thumb Code   140  httpserver.o(.text)
    send_http_response_cgi                   0x00002e21   Thumb Code    56  httpserver.o(.text)
    http_process_handler                     0x00002e99   Thumb Code  1314  httpserver.o(.text)
    getHTTPSequenceNum                       0x00003997   Thumb Code    30  httpserver.o(.text)
    .text                                    0x00003a6c   Section        0  httputil.o(.text)
    .text                                    0x00003c84   Section        0  w7500x_miim.o(.text)
    .text                                    0x00003e48   Section        0  loopback.o(.text)
    .text                                    0x00004234   Section        2  use_no_semi.o(.text)
    .text                                    0x00004238   Section        0  __2printf.o(.text)
    .text                                    0x00004254   Section        0  __2sprintf.o(.text)
    .text                                    0x00004280   Section        0  _printf_str.o(.text)
    .text                                    0x000042d4   Section        0  _printf_dec.o(.text)
    .text                                    0x00004340   Section        0  _printf_hex_int.o(.text)
    .text                                    0x00004398   Section        0  __printf_ss_wp.o(.text)
    .text                                    0x000044f8   Section        0  strtok.o(.text)
    .text                                    0x00004508   Section        0  strstr.o(.text)
    .text                                    0x00004530   Section        0  strcpy.o(.text)
    .text                                    0x0000457c   Section        0  strlen.o(.text)
    .text                                    0x000045c0   Section        0  strcat.o(.text)
    .text                                    0x000045d8   Section        0  rt_memcpy.o(.text)
    .text                                    0x0000465a   Section        0  rt_memclr.o(.text)
    .text                                    0x0000469c   Section        0  strncpy.o(.text)
    .text                                    0x00004708   Section        0  strcmp.o(.text)
    .text                                    0x00004790   Section      346  aeabi_sdiv.o(.text)
    .text                                    0x000048ea   Section        0  heapauxi.o(.text)
    .text                                    0x000048f0   Section        0  daddsub.o(.text)
    _dadd1                                   0x000048f1   Thumb Code   290  daddsub.o(.text)
    _dsub1                                   0x00004a13   Thumb Code   470  daddsub.o(.text)
    .text                                    0x00004c40   Section        0  dfixui.o(.text)
    .text                                    0x00004c84   Section        0  f2d.o(.text)
    .text                                    0x00004cd8   Section        0  fdiv.o(.text)
    .text                                    0x00004e38   Section        0  ffixui.o(.text)
    .text                                    0x00004e68   Section        0  fflti.o(.text)
    .text                                    0x00004ec8   Section        0  fscalbn.o(.text)
    .text                                    0x00004f0c   Section        0  _printf_intcommon.o(.text)
    .text                                    0x00004fbc   Section        0  _printf_char_common.o(.text)
    _printf_input_char                       0x00004fbd   Thumb Code    10  _printf_char_common.o(.text)
    .text                                    0x00004fec   Section        0  _sputc.o(.text)
    .text                                    0x00004ff6   Section        0  _printf_char.o(.text)
    .text                                    0x00005024   Section        0  _printf_char_file.o(.text)
    .text                                    0x0000504c   Section        0  strtok_int.o(.text)
    .text                                    0x00005094   Section        0  rtudiv10.o(.text)
    .text                                    0x000050bc   Section        0  strcspn.o(.text)
    .text                                    0x000050de   Section        0  strspn.o(.text)
    .text                                    0x000050fe   Section       62  sys_stackheap_outer.o(.text)
    .text                                    0x0000513c   Section        0  exit.o(.text)
    .text                                    0x00005148   Section        8  libspace.o(.text)
    i.__ARM_common_switch8                   0x00005150   Section        0  socket.o(i.__ARM_common_switch8)
    i._is_digit                              0x0000516a   Section        0  __printf_wp.o(i._is_digit)
    x$fpl$fadd                               0x00005178   Section      140  faddsub.o(x$fpl$fadd)
    _fadd1                                   0x00005185   Thumb Code     0  faddsub.o(x$fpl$fadd)
    x$fpl$frsb                               0x00005204   Section       24  faddsub.o(x$fpl$frsb)
    x$fpl$fsub                               0x0000521c   Section      208  faddsub.o(x$fpl$fsub)
    _fsub1                                   0x00005229   Thumb Code     0  faddsub.o(x$fpl$fsub)
    .constdata                               0x000052ec   Section      271  httpserver.o(.constdata)
    x$fpl$usenofp                            0x000052ec   Section        0  usenofp.o(x$fpl$usenofp)
    ERROR_HTML_PAGE                          0x000052ec   Data         153  httpserver.o(.constdata)
    ERROR_REQUEST_PAGE                       0x00005385   Data         118  httpserver.o(.constdata)
    .constdata                               0x000053fb   Section       40  _printf_hex_int.o(.constdata)
    uc_hextab                                0x000053fb   Data          20  _printf_hex_int.o(.constdata)
    lc_hextab                                0x0000540f   Data          20  _printf_hex_int.o(.constdata)
    .constdata                               0x00005423   Section       64  fdiv.o(.constdata)
    fdiv_tab                                 0x00005423   Data          64  fdiv.o(.constdata)
    .conststring                             0x00005464   Section     3917  main.o(.conststring)
    .conststring                             0x000063b4   Section      700  httpparser.o(.conststring)
    .conststring                             0x00006670   Section      218  httpserver.o(.conststring)
    .conststring                             0x0000674c   Section      213  httputil.o(.conststring)
    .data                                    0x20000000   Section        4  system_w7500x.o(.data)
    .data                                    0x20000004   Section        4  system_w7500x.o(.data)
    .data                                    0x20000008   Section       10  main.o(.data)
    TimingDelay                              0x20000008   Data           4  main.o(.data)
    .data                                    0x20000014   Section        4  retarget.o(.data)
    .data                                    0x20000018   Section        4  w7500x_it.o(.data)
    .data                                    0x2000001c   Section       14  socket.o(.data)
    sock_any_port                            0x2000001c   Data           2  socket.o(.data)
    sock_io_mode                             0x2000001e   Data           2  socket.o(.data)
    sock_is_sending                          0x20000020   Data           2  socket.o(.data)
    sock_pack_info                           0x20000022   Data           8  socket.o(.data)
    .data                                    0x2000002c   Section       40  wizchip_conf.o(.data)
    _DHCP_                                   0x2000002c   Data           1  wizchip_conf.o(.data)
    _DNS_                                    0x2000002d   Data           4  wizchip_conf.o(.data)
    .data                                    0x20000054   Section       44  httpserver.o(.data)
    total_content_cnt                        0x20000054   Data           2  httpserver.o(.data)
    http_request                             0x20000064   Data           4  httpserver.o(.data)
    parsed_http_request                      0x20000068   Data           4  httpserver.o(.data)
    http_response                            0x2000006c   Data           4  httpserver.o(.data)
    HTTPSock_Num                             0x20000078   Data           8  httpserver.o(.data)
    .data                                    0x20000080   Section        4  strtok.o(.data)
    _strtok_saves1                           0x20000080   Data           4  strtok.o(.data)
    .bss                                     0x20000084   Section     4096  main.o(.bss)
    .bss                                     0x20001084   Section       16  socket.o(.bss)
    sock_remained_size                       0x20001084   Data          16  socket.o(.bss)
    .bss                                     0x20001094   Section      256  httpparser.o(.bss)
    .bss                                     0x20001194   Section     1744  httpserver.o(.bss)
    .bss                                     0x20001864   Section       96  libspace.o(.bss)
    HEAP                                     0x200018c8   Section      256  startup_w7500x.o(HEAP)
    Heap_Mem                                 0x200018c8   Data         256  startup_w7500x.o(HEAP)
    STACK                                    0x200019c8   Section      512  startup_w7500x.o(STACK)
    Stack_Mem                                0x200019c8   Data         512  startup_w7500x.o(STACK)
    __initial_sp                             0x20001bc8   Data           0  startup_w7500x.o(STACK)

    Global Symbols

    Symbol Name                              Value     Ov Type        Size  Object(Section)

    BuildAttributes$$THM_ISAv3M$S$PE$A:L22$X:L11$S22$IEEE1$IW$USESV6$~STKCKD$USESV7$~SHL$OSPACE$ROPI$EBA8$UX$STANDARDLIB$REQ8$PRES8$EABIv2 0x00000000   Number         0  anon$$obj.o ABSOLUTE
    __ARM_use_no_argv                        0x00000000   Number         0  main.o ABSOLUTE
    __Vectors                                0x00000000   Data           4  startup_w7500x.o(RESET)
    _printf_flags                            0x00000000   Number         0  printf_stubs.o ABSOLUTE
    _printf_return_value                     0x00000000   Number         0  printf_stubs.o ABSOLUTE
    _printf_sizespec                         0x00000000   Number         0  printf_stubs.o ABSOLUTE
    _printf_widthprec                        0x00000000   Number         0  printf_stubs.o ABSOLUTE
    __ARM_exceptions_init                     - Undefined Weak Reference
    __alloca_initialize                       - Undefined Weak Reference
    __cpp_initialize__aeabi_                  - Undefined Weak Reference
    __cxa_finalize                            - Undefined Weak Reference
    __rt_locale                               - Undefined Weak Reference
    __sigvec_lookup                           - Undefined Weak Reference
    _atexit_init                              - Undefined Weak Reference
    _call_atexit_fns                          - Undefined Weak Reference
    _clock_init                               - Undefined Weak Reference
    _fp_trap_init                             - Undefined Weak Reference
    _fp_trap_shutdown                         - Undefined Weak Reference
    _get_lc_collate                           - Undefined Weak Reference
    _get_lc_ctype                             - Undefined Weak Reference
    _get_lc_monetary                          - Undefined Weak Reference
    _get_lc_numeric                           - Undefined Weak Reference
    _get_lc_time                              - Undefined Weak Reference
    _getenv_init                              - Undefined Weak Reference
    _handle_redirection                       - Undefined Weak Reference
    _init_alloc                               - Undefined Weak Reference
    _init_user_alloc                          - Undefined Weak Reference
    _initio                                   - Undefined Weak Reference
    _printf_mbtowc                            - Undefined Weak Reference
    _printf_post_padding                      - Undefined Weak Reference
    _printf_pre_padding                       - Undefined Weak Reference
    _printf_truncate_signed                   - Undefined Weak Reference
    _printf_truncate_unsigned                 - Undefined Weak Reference
    _rand_init                                - Undefined Weak Reference
    _signal_finish                            - Undefined Weak Reference
    _signal_init                              - Undefined Weak Reference
    _terminate_alloc                          - Undefined Weak Reference
    _terminate_user_alloc                     - Undefined Weak Reference
    _terminateio                              - Undefined Weak Reference
    __Vectors_End                            0x000000a8   Data           0  startup_w7500x.o(RESET)
    __Vectors_Size                           0x000000a8   Number         0  startup_w7500x.o ABSOLUTE
    __main                                   0x000000a9   Thumb Code     8  __main.o(!!!main)
    __scatterload                            0x000000b1   Thumb Code     0  __scatter.o(!!!scatter)
    __scatterload_rt2                        0x000000b1   Thumb Code    52  __scatter.o(!!!scatter)
    __scatterload_rt2_thumb_only             0x000000b1   Thumb Code     0  __scatter.o(!!!scatter)
    __scatterload_null                       0x000000c1   Thumb Code     0  __scatter.o(!!!scatter)
    __scatterload_copy                       0x000000ed   Thumb Code    26  __scatter_copy.o(!!handler_copy)
    __scatterload_zeroinit                   0x00000109   Thumb Code    28  __scatter_zi.o(!!handler_zi)
    _printf_percent                          0x00000125   Thumb Code     0  _printf_percent.o(.ARM.Collect$$_printf_percent$$00000000)
    _printf_d                                0x00000127   Thumb Code     0  _printf_d.o(.ARM.Collect$$_printf_percent$$00000009)
    _printf_x                                0x00000131   Thumb Code     0  _printf_x.o(.ARM.Collect$$_printf_percent$$0000000C)
    _printf_s                                0x0000013b   Thumb Code     0  _printf_s.o(.ARM.Collect$$_printf_percent$$00000014)
    _printf_percent_end                      0x00000145   Thumb Code     0  _printf_percent_end.o(.ARM.Collect$$_printf_percent$$00000017)
    __rt_lib_init                            0x00000149   Thumb Code     0  libinit.o(.ARM.Collect$$libinit$$00000000)
    __rt_lib_init_fp_1                       0x0000014b   Thumb Code     0  libinit2.o(.ARM.Collect$$libinit$$00000001)
    __rt_lib_init_alloca_1                   0x0000014f   Thumb Code     0  libinit2.o(.ARM.Collect$$libinit$$0000002C)
    __rt_lib_init_argv_1                     0x0000014f   Thumb Code     0  libinit2.o(.ARM.Collect$$libinit$$0000002A)
    __rt_lib_init_atexit_1                   0x0000014f   Thumb Code     0  libinit2.o(.ARM.Collect$$libinit$$00000019)
    __rt_lib_init_clock_1                    0x0000014f   Thumb Code     0  libinit2.o(.ARM.Collect$$libinit$$0000001F)
    __rt_lib_init_cpp_1                      0x0000014f   Thumb Code     0  libinit2.o(.ARM.Collect$$libinit$$00000030)
    __rt_lib_init_exceptions_1               0x0000014f   Thumb Code     0  libinit2.o(.ARM.Collect$$libinit$$0000002E)
    __rt_lib_init_fp_trap_1                  0x0000014f   Thumb Code     0  libinit2.o(.ARM.Collect$$libinit$$0000001D)
    __rt_lib_init_getenv_1                   0x0000014f   Thumb Code     0  libinit2.o(.ARM.Collect$$libinit$$00000021)
    __rt_lib_init_heap_1                     0x0000014f   Thumb Code     0  libinit2.o(.ARM.Collect$$libinit$$00000008)
    __rt_lib_init_lc_collate_1               0x0000014f   Thumb Code     0  libinit2.o(.ARM.Collect$$libinit$$0000000F)
    __rt_lib_init_lc_ctype_1                 0x0000014f   Thumb Code     0  libinit2.o(.ARM.Collect$$libinit$$00000011)
    __rt_lib_init_lc_monetary_1              0x0000014f   Thumb Code     0  libinit2.o(.ARM.Collect$$libinit$$00000013)
    __rt_lib_init_lc_numeric_1               0x0000014f   Thumb Code     0  libinit2.o(.ARM.Collect$$libinit$$00000015)
    __rt_lib_init_lc_time_1                  0x0000014f   Thumb Code     0  libinit2.o(.ARM.Collect$$libinit$$00000017)
    __rt_lib_init_rand_1                     0x0000014f   Thumb Code     0  libinit2.o(.ARM.Collect$$libinit$$0000000C)
    __rt_lib_init_return                     0x0000014f   Thumb Code     0  libinit2.o(.ARM.Collect$$libinit$$00000031)
    __rt_lib_init_signal_1                   0x0000014f   Thumb Code     0  libinit2.o(.ARM.Collect$$libinit$$0000001B)
    __rt_lib_init_stdio_1                    0x0000014f   Thumb Code     0  libinit2.o(.ARM.Collect$$libinit$$00000023)
    __rt_lib_init_user_alloc_1               0x0000014f   Thumb Code     0  libinit2.o(.ARM.Collect$$libinit$$0000000A)
    __rt_lib_shutdown                        0x00000151   Thumb Code     0  libshutdown.o(.ARM.Collect$$libshutdown$$00000000)
    __rt_lib_shutdown_fp_trap_1              0x00000153   Thumb Code     0  libshutdown2.o(.ARM.Collect$$libshutdown$$00000006)
    __rt_lib_shutdown_heap_1                 0x00000153   Thumb Code     0  libshutdown2.o(.ARM.Collect$$libshutdown$$0000000E)
    __rt_lib_shutdown_return                 0x00000153   Thumb Code     0  libshutdown2.o(.ARM.Collect$$libshutdown$$0000000F)
    __rt_lib_shutdown_signal_1               0x00000153   Thumb Code     0  libshutdown2.o(.ARM.Collect$$libshutdown$$00000009)
    __rt_lib_shutdown_stdio_1                0x00000153   Thumb Code     0  libshutdown2.o(.ARM.Collect$$libshutdown$$00000003)
    __rt_lib_shutdown_user_alloc_1           0x00000153   Thumb Code     0  libshutdown2.o(.ARM.Collect$$libshutdown$$0000000B)
    __rt_entry                               0x00000155   Thumb Code     0  rtentry.o(.ARM.Collect$$rtentry$$00000000)
    __rt_entry_presh_1                       0x00000155   Thumb Code     0  rtentry2.o(.ARM.Collect$$rtentry$$00000002)
    __rt_entry_sh                            0x00000155   Thumb Code     0  rtentry4.o(.ARM.Collect$$rtentry$$00000004)
    __rt_entry_li                            0x0000015b   Thumb Code     0  rtentry2.o(.ARM.Collect$$rtentry$$0000000A)
    __rt_entry_postsh_1                      0x0000015b   Thumb Code     0  rtentry2.o(.ARM.Collect$$rtentry$$00000009)
    __rt_entry_main                          0x0000015f   Thumb Code     0  rtentry2.o(.ARM.Collect$$rtentry$$0000000D)
    __rt_entry_postli_1                      0x0000015f   Thumb Code     0  rtentry2.o(.ARM.Collect$$rtentry$$0000000C)
    __rt_exit                                0x00000167   Thumb Code     0  rtexit.o(.ARM.Collect$$rtexit$$00000000)
    __rt_exit_ls                             0x00000169   Thumb Code     0  rtexit2.o(.ARM.Collect$$rtexit$$00000003)
    __rt_exit_prels_1                        0x00000169   Thumb Code     0  rtexit2.o(.ARM.Collect$$rtexit$$00000002)
    __rt_exit_exit                           0x0000016d   Thumb Code     0  rtexit2.o(.ARM.Collect$$rtexit$$00000004)
    __aeabi_memcpy4                          0x00000175   Thumb Code    56  rt_memcpy.o(.emb_text)
    __aeabi_memcpy8                          0x00000175   Thumb Code     0  rt_memcpy.o(.emb_text)
    Reset_Handler                            0x000001ad   Thumb Code     8  startup_w7500x.o(.text)
    RTC_Handler                              0x000001bf   Thumb Code     0  startup_w7500x.o(.text)
    __user_initial_stackheap                 0x000001c1   Thumb Code    10  startup_w7500x.o(.text)
    GPIO_DeInit                              0x000001e5   Thumb Code    98  w7500x_gpio.o(.text)
    GPIO_Init                                0x00000247   Thumb Code   210  w7500x_gpio.o(.text)
    GPIO_StructInit                          0x00000319   Thumb Code    14  w7500x_gpio.o(.text)
    GPIO_ReadInputDataBit                    0x00000327   Thumb Code    14  w7500x_gpio.o(.text)
    GPIO_ReadInputData                       0x00000335   Thumb Code     6  w7500x_gpio.o(.text)
    GPIO_ReadOutputDataBit                   0x0000033b   Thumb Code    14  w7500x_gpio.o(.text)
    GPIO_ReadOutputData                      0x00000349   Thumb Code     6  w7500x_gpio.o(.text)
    GPIO_SetBits                             0x0000034f   Thumb Code    28  w7500x_gpio.o(.text)
    GPIO_ResetBits                           0x0000036b   Thumb Code    32  w7500x_gpio.o(.text)
    GPIO_WriteBit                            0x0000038b   Thumb Code    30  w7500x_gpio.o(.text)
    GPIO_Write                               0x000003a9   Thumb Code     4  w7500x_gpio.o(.text)
    PAD_AFConfig                             0x000003ad   Thumb Code    94  w7500x_gpio.o(.text)
    UART_StructInit                          0x00000419   Thumb Code    26  w7500x_uart.o(.text)
    UART_DeInit                              0x00000433   Thumb Code     2  w7500x_uart.o(.text)
    UART_Init                                0x00000435   Thumb Code   160  w7500x_uart.o(.text)
    UART_SendData                            0x000004d5   Thumb Code     4  w7500x_uart.o(.text)
    UART_ReceiveData                         0x000004d9   Thumb Code     6  w7500x_uart.o(.text)
    UART_SendBreak                           0x000004df   Thumb Code    10  w7500x_uart.o(.text)
    UART_GetRecvStatus                       0x000004e9   Thumb Code    14  w7500x_uart.o(.text)
    UART_ClearRecvStatus                     0x000004f7   Thumb Code     4  w7500x_uart.o(.text)
    UART_GetFlagStatus                       0x000004fb   Thumb Code    14  w7500x_uart.o(.text)
    UART_ITConfig                            0x00000509   Thumb Code    20  w7500x_uart.o(.text)
    UART_GetITStatus                         0x0000051d   Thumb Code    14  w7500x_uart.o(.text)
    UART_ClearITPendingBit                   0x0000052b   Thumb Code     8  w7500x_uart.o(.text)
    S_UART_DeInit                            0x00000533   Thumb Code     2  w7500x_uart.o(.text)
    S_UART_Init                              0x00000535   Thumb Code    50  w7500x_uart.o(.text)
    S_UART_SendData                          0x00000567   Thumb Code    12  w7500x_uart.o(.text)
    S_UART_ReceiveData                       0x00000573   Thumb Code     8  w7500x_uart.o(.text)
    S_UART_GetFlagStatus                     0x0000057b   Thumb Code    16  w7500x_uart.o(.text)
    S_UART_ITConfig                          0x0000058b   Thumb Code    18  w7500x_uart.o(.text)
    S_UART_GetITStatus                       0x0000059d   Thumb Code    18  w7500x_uart.o(.text)
    S_UART_ClearITPendingBit                 0x000005af   Thumb Code    12  w7500x_uart.o(.text)
    UartPutc                                 0x000005bb   Thumb Code    12  w7500x_uart.o(.text)
    UartPuts                                 0x000005c7   Thumb Code    28  w7500x_uart.o(.text)
    UartGetc                                 0x000005e3   Thumb Code    12  w7500x_uart.o(.text)
    S_UartPutc                               0x000005ef   Thumb Code    12  w7500x_uart.o(.text)
    S_UartPuts                               0x000005fb   Thumb Code    24  w7500x_uart.o(.text)
    S_UartGetc                               0x00000613   Thumb Code    14  w7500x_uart.o(.text)
    WIZCHIP_READ                             0x00000639   Thumb Code     4  w7500x_wztoe.o(.text)
    WIZCHIP_WRITE                            0x0000063d   Thumb Code     4  w7500x_wztoe.o(.text)
    WIZCHIP_READ_BUF                         0x00000641   Thumb Code    24  w7500x_wztoe.o(.text)
    WIZCHIP_WRITE_BUF                        0x00000659   Thumb Code    24  w7500x_wztoe.o(.text)
    wiz_send_data                            0x00000671   Thumb Code    40  w7500x_wztoe.o(.text)
    wiz_recv_data                            0x00000699   Thumb Code    40  w7500x_wztoe.o(.text)
    wiz_recv_ignore                          0x000006c1   Thumb Code    32  w7500x_wztoe.o(.text)
    PWM_CHn_Stop                             0x000006ed   Thumb Code   106  w7500x_pwm.o(.text)
    PWM_DeInit                               0x00000757   Thumb Code   276  w7500x_pwm.o(.text)
    PWM_TimerModeInit                        0x0000086b   Thumb Code    26  w7500x_pwm.o(.text)
    PWM_CaptureModeInit                      0x00000885   Thumb Code    34  w7500x_pwm.o(.text)
    PWM_CounterModeInit                      0x000008a7   Thumb Code    30  w7500x_pwm.o(.text)
    PWM_DeadzoneModeInit                     0x000008c5   Thumb Code    34  w7500x_pwm.o(.text)
    PWM_CtrlPWMOutput                        0x000008e7   Thumb Code    18  w7500x_pwm.o(.text)
    PWM_CtrlPWMOutputEnable                  0x000008f9   Thumb Code     4  w7500x_pwm.o(.text)
    PWM_CtrlPWMOutputDisable                 0x000008fd   Thumb Code     4  w7500x_pwm.o(.text)
    PWM_IntConfig                            0x00000901   Thumb Code   214  w7500x_pwm.o(.text)
    PWM_GetIntEnableStatus                   0x000009d7   Thumb Code   112  w7500x_pwm.o(.text)
    PWM_CHn_IntConfig                        0x00000a47   Thumb Code    28  w7500x_pwm.o(.text)
    PWM_CHn_GetIntEnableStatus               0x00000a63   Thumb Code     4  w7500x_pwm.o(.text)
    PWM_CHn_GetIntFlagStatus                 0x00000a67   Thumb Code     4  w7500x_pwm.o(.text)
    PWM_CHn_ClearInt                         0x00000a6b   Thumb Code     4  w7500x_pwm.o(.text)
    PWM_CHn_Start                            0x00000a6f   Thumb Code   142  w7500x_pwm.o(.text)
    PWM_Multi_Start                          0x00000afd   Thumb Code    10  w7500x_pwm.o(.text)
    PWM_Multi_Stop                           0x00000b07   Thumb Code    10  w7500x_pwm.o(.text)
    PWM_CHn_Pause                            0x00000b11   Thumb Code   102  w7500x_pwm.o(.text)
    PWM_Multi_Pause                          0x00000b77   Thumb Code    10  w7500x_pwm.o(.text)
    PWM_CHn_Restart                          0x00000b81   Thumb Code   106  w7500x_pwm.o(.text)
    PWM_Multi_Restart                        0x00000beb   Thumb Code    10  w7500x_pwm.o(.text)
    PWM_CHn_GetTCR                           0x00000bf5   Thumb Code     4  w7500x_pwm.o(.text)
    PWM_CHn_GetPCR                           0x00000bf9   Thumb Code     4  w7500x_pwm.o(.text)
    PWM_CHn_GetPR                            0x00000bfd   Thumb Code     4  w7500x_pwm.o(.text)
    PWM_CHn_SetPR                            0x00000c01   Thumb Code     4  w7500x_pwm.o(.text)
    PWM_CHn_GetMR                            0x00000c05   Thumb Code     4  w7500x_pwm.o(.text)
    PWM_CHn_SetMR                            0x00000c09   Thumb Code     4  w7500x_pwm.o(.text)
    PWM_CHn_GetLR                            0x00000c0d   Thumb Code     4  w7500x_pwm.o(.text)
    PWM_CHn_SetLR                            0x00000c11   Thumb Code     4  w7500x_pwm.o(.text)
    PWM_CHn_GetUDMR                          0x00000c15   Thumb Code     4  w7500x_pwm.o(.text)
    PWM_CHn_SetUDMR                          0x00000c19   Thumb Code     4  w7500x_pwm.o(.text)
    PWM_CHn_GetTCMR                          0x00000c1d   Thumb Code     4  w7500x_pwm.o(.text)
    PWM_CHn_SetTCMR                          0x00000c21   Thumb Code     4  w7500x_pwm.o(.text)
    PWM_CHn_GetPEEER                         0x00000c25   Thumb Code     4  w7500x_pwm.o(.text)
    PWM_CHn_SetPEEER                         0x00000c29   Thumb Code     4  w7500x_pwm.o(.text)
    PWM_CHn_GetCMR                           0x00000c2d   Thumb Code     4  w7500x_pwm.o(.text)
    PWM_CHn_SetCMR                           0x00000c31   Thumb Code     4  w7500x_pwm.o(.text)
    PWM_CHn_GetCR                            0x00000c35   Thumb Code     4  w7500x_pwm.o(.text)
    PWM_CHn_GetPDMR                          0x00000c39   Thumb Code     4  w7500x_pwm.o(.text)
    PWM_CHn_SetPDMR                          0x00000c3d   Thumb Code     4  w7500x_pwm.o(.text)
    PWM_CHn_GetDZER                          0x00000c41   Thumb Code     4  w7500x_pwm.o(.text)
    PWM_CHn_SetDZER                          0x00000c45   Thumb Code     4  w7500x_pwm.o(.text)
    PWM_CHn_GetDZCR                          0x00000c49   Thumb Code     4  w7500x_pwm.o(.text)
    PWM_CHn_SetDZCR                          0x00000c4d   Thumb Code     4  w7500x_pwm.o(.text)
    PWM_CH0_ClearMatchInt                    0x00000c51   Thumb Code     8  w7500x_pwm.o(.text)
    PWM_CH0_ClearOverflowInt                 0x00000c59   Thumb Code     8  w7500x_pwm.o(.text)
    PWM_CH0_ClearCaptureInt                  0x00000c61   Thumb Code     8  w7500x_pwm.o(.text)
    PWM_CH1_ClearMatchInt                    0x00000c69   Thumb Code     8  w7500x_pwm.o(.text)
    PWM_CH1_ClearOverflowInt                 0x00000c71   Thumb Code     8  w7500x_pwm.o(.text)
    PWM_CH1_ClearCaptureInt                  0x00000c79   Thumb Code     8  w7500x_pwm.o(.text)
    PWM_CH2_ClearMatchInt                    0x00000c81   Thumb Code     8  w7500x_pwm.o(.text)
    PWM_CH2_ClearOverflowInt                 0x00000c89   Thumb Code     8  w7500x_pwm.o(.text)
    PWM_CH2_ClearCaptureInt                  0x00000c91   Thumb Code     8  w7500x_pwm.o(.text)
    PWM_CH3_ClearMatchInt                    0x00000c99   Thumb Code     8  w7500x_pwm.o(.text)
    PWM_CH3_ClearOverflowInt                 0x00000ca1   Thumb Code     8  w7500x_pwm.o(.text)
    PWM_CH3_ClearCaptureInt                  0x00000ca9   Thumb Code     8  w7500x_pwm.o(.text)
    PWM_CH4_ClearMatchInt                    0x00000cb1   Thumb Code     8  w7500x_pwm.o(.text)
    PWM_CH4_ClearOverflowInt                 0x00000cb9   Thumb Code     8  w7500x_pwm.o(.text)
    PWM_CH4_ClearCaptureInt                  0x00000cc1   Thumb Code     8  w7500x_pwm.o(.text)
    PWM_CH5_ClearMatchInt                    0x00000cc9   Thumb Code     8  w7500x_pwm.o(.text)
    PWM_CH5_ClearOverflowInt                 0x00000cd1   Thumb Code     8  w7500x_pwm.o(.text)
    PWM_CH5_ClearCaptureInt                  0x00000cd9   Thumb Code     8  w7500x_pwm.o(.text)
    PWM_CH6_ClearMatchInt                    0x00000ce1   Thumb Code     8  w7500x_pwm.o(.text)
    PWM_CH6_ClearOverflowInt                 0x00000ce9   Thumb Code     8  w7500x_pwm.o(.text)
    PWM_CH6_ClearCaptureInt                  0x00000cf1   Thumb Code     8  w7500x_pwm.o(.text)
    PWM_CH7_ClearMatchInt                    0x00000cf9   Thumb Code     8  w7500x_pwm.o(.text)
    PWM_CH7_ClearOverflowInt                 0x00000d01   Thumb Code     8  w7500x_pwm.o(.text)
    PWM_CH7_ClearCaptureInt                  0x00000d09   Thumb Code     8  w7500x_pwm.o(.text)
    SystemCoreClockUpdate                    0x00000d35   Thumb Code     2  system_w7500x.o(.text)
    GetSystemClock                           0x00000d37   Thumb Code     6  system_w7500x.o(.text)
    SystemInit                               0x00000d3d   Thumb Code    68  system_w7500x.o(.text)
    delay                                    0x00000d95   Thumb Code    16  main.o(.text)
    PWM_Configuration                        0x00000da5   Thumb Code   104  main.o(.text)
    GPIO_Configuration                       0x00000e0d   Thumb Code    74  main.o(.text)
    UART_Configuration                       0x00000e57   Thumb Code    18  main.o(.text)
    main                                     0x00000e69   Thumb Code   724  main.o(.text)
    TimingDelay_Decrement                    0x0000113d   Thumb Code    16  main.o(.text)
    fputc                                    0x000012c5   Thumb Code    12  retarget.o(.text)
    fgetc                                    0x000012d1   Thumb Code    20  retarget.o(.text)
    ferror                                   0x000012e5   Thumb Code     6  retarget.o(.text)
    _ttywrch                                 0x000012eb   Thumb Code    12  retarget.o(.text)
    _sys_exit                                0x000012f7   Thumb Code     2  retarget.o(.text)
    NMI_Handler                              0x000012fd   Thumb Code     2  w7500x_it.o(.text)
    HardFault_Handler                        0x000012ff   Thumb Code     2  w7500x_it.o(.text)
    SVC_Handler                              0x00001301   Thumb Code     2  w7500x_it.o(.text)
    PendSV_Handler                           0x00001303   Thumb Code     2  w7500x_it.o(.text)
    SysTick_Handler                          0x00001305   Thumb Code    16  w7500x_it.o(.text)
    SSP0_Handler                             0x00001315   Thumb Code     2  w7500x_it.o(.text)
    SSP1_Handler                             0x00001317   Thumb Code     2  w7500x_it.o(.text)
    UART0_Handler                            0x00001319   Thumb Code     2  w7500x_it.o(.text)
    UART1_Handler                            0x0000131b   Thumb Code     2  w7500x_it.o(.text)
    UART2_Handler                            0x0000131d   Thumb Code     2  w7500x_it.o(.text)
    I2C0_Handler                             0x0000131f   Thumb Code     2  w7500x_it.o(.text)
    I2C1_Handler                             0x00001321   Thumb Code     2  w7500x_it.o(.text)
    PORT0_Handler                            0x00001323   Thumb Code     2  w7500x_it.o(.text)
    PORT1_Handler                            0x00001325   Thumb Code     2  w7500x_it.o(.text)
    PORT2_Handler                            0x00001327   Thumb Code     2  w7500x_it.o(.text)
    PORT3_Handler                            0x00001329   Thumb Code     2  w7500x_it.o(.text)
    DMA_Handler                              0x0000132b   Thumb Code     2  w7500x_it.o(.text)
    DUALTIMER0_Handler                       0x0000132d   Thumb Code     2  w7500x_it.o(.text)
    DUALTIMER1_Handler                       0x0000132f   Thumb Code     2  w7500x_it.o(.text)
    PWM0_Handler                             0x00001331   Thumb Code     2  w7500x_it.o(.text)
    PWM1_Handler                             0x00001333   Thumb Code     2  w7500x_it.o(.text)
    PWM2_Handler                             0x00001335   Thumb Code     2  w7500x_it.o(.text)
    PWM3_Handler                             0x00001337   Thumb Code     2  w7500x_it.o(.text)
    PWM4_Handler                             0x00001339   Thumb Code     2  w7500x_it.o(.text)
    PWM5_Handler                             0x0000133b   Thumb Code     2  w7500x_it.o(.text)
    PWM6_Handler                             0x0000133d   Thumb Code     2  w7500x_it.o(.text)
    PWM7_Handler                             0x0000133f   Thumb Code     2  w7500x_it.o(.text)
    ADC_Handler                              0x00001341   Thumb Code     2  w7500x_it.o(.text)
    WZTOE_Handler                            0x00001343   Thumb Code     2  w7500x_it.o(.text)
    EXTI_Handler                             0x00001345   Thumb Code     2  w7500x_it.o(.text)
    close                                    0x0000134d   Thumb Code    96  socket.o(.text)
    socket                                   0x000013ad   Thumb Code   214  socket.o(.text)
    listen                                   0x00001483   Thumb Code   122  socket.o(.text)
    connect                                  0x000014fd   Thumb Code   250  socket.o(.text)
    disconnect                               0x000015f7   Thumb Code   132  socket.o(.text)
    send                                     0x0000167b   Thumb Code   286  socket.o(.text)
    recv                                     0x00001799   Thumb Code   206  socket.o(.text)
    sendto                                   0x00001867   Thumb Code   348  socket.o(.text)
    recvfrom                                 0x000019c3   Thumb Code   450  socket.o(.text)
    ctlsocket                                0x00001b85   Thumb Code   170  socket.o(.text)
    setsockopt                               0x00001c2f   Thumb Code   208  socket.o(.text)
    getsockopt                               0x00001cff   Thumb Code   238  socket.o(.text)
    wizchip_cris_enter                       0x00001e01   Thumb Code     2  wizchip_conf.o(.text)
    wizchip_cris_exit                        0x00001e03   Thumb Code     2  wizchip_conf.o(.text)
    wizchip_cs_select                        0x00001e05   Thumb Code     2  wizchip_conf.o(.text)
    wizchip_cs_deselect                      0x00001e07   Thumb Code     2  wizchip_conf.o(.text)
    wizchip_bus_readbyte                     0x00001e09   Thumb Code     4  wizchip_conf.o(.text)
    wizchip_bus_writebyte                    0x00001e0d   Thumb Code     4  wizchip_conf.o(.text)
    wizchip_spi_readbyte                     0x00001e11   Thumb Code     4  wizchip_conf.o(.text)
    wizchip_spi_writebyte                    0x00001e15   Thumb Code     2  wizchip_conf.o(.text)
    reg_wizchip_cris_cbfunc                  0x00001e17   Thumb Code    26  wizchip_conf.o(.text)
    reg_wizchip_cs_cbfunc                    0x00001e31   Thumb Code    26  wizchip_conf.o(.text)
    reg_wizchip_bus_cbfunc                   0x00001e4b   Thumb Code    34  wizchip_conf.o(.text)
    reg_wizchip_spi_cbfunc                   0x00001e6d   Thumb Code    34  wizchip_conf.o(.text)
    wizphy_getphylink                        0x00001e8f   Thumb Code     6  wizchip_conf.o(.text)
    wizphy_getphypmode                       0x00001e95   Thumb Code     6  wizchip_conf.o(.text)
    wizchip_getinterruptmask                 0x00001e9b   Thumb Code    26  wizchip_conf.o(.text)
    wizchip_setinterruptmask                 0x00001eb5   Thumb Code    28  wizchip_conf.o(.text)
    wizchip_getinterrupt                     0x00001ed1   Thumb Code    28  wizchip_conf.o(.text)
    wizchip_clrinterrupt                     0x00001eed   Thumb Code    30  wizchip_conf.o(.text)
    wizchip_sw_reset                         0x00001f0b   Thumb Code   332  wizchip_conf.o(.text)
    wizchip_init                             0x00002057   Thumb Code   118  wizchip_conf.o(.text)
    ctlwizchip                               0x000020cd   Thumb Code   114  wizchip_conf.o(.text)
    wizchip_gettimeout                       0x0000213f   Thumb Code    24  wizchip_conf.o(.text)
    wizchip_settimeout                       0x00002157   Thumb Code    24  wizchip_conf.o(.text)
    wizchip_getnetmode                       0x0000216f   Thumb Code    10  wizchip_conf.o(.text)
    wizchip_setnetmode                       0x00002179   Thumb Code    38  wizchip_conf.o(.text)
    wizchip_getnetinfo                       0x0000219f   Thumb Code   264  wizchip_conf.o(.text)
    wizchip_setnetinfo                       0x000022a7   Thumb Code   210  wizchip_conf.o(.text)
    ctlnetwork                               0x00002379   Thumb Code    74  wizchip_conf.o(.text)
    unescape_http_url                        0x000023f3   Thumb Code    56  httpparser.o(.text)
    make_http_response_head                  0x0000242b   Thumb Code   176  httpparser.o(.text)
    find_http_uri_type                       0x000024db   Thumb Code  1260  httpparser.o(.text)
    parse_http_request                       0x000029c7   Thumb Code   148  httpparser.o(.text)
    ATOI                                     0x00002a5b   Thumb Code    34  httpparser.o(.text)
    mid                                      0x00002a7d   Thumb Code    50  httpparser.o(.text)
    get_http_param_value                     0x00002aaf   Thumb Code   160  httpparser.o(.text)
    get_http_uri_name                        0x00002b4f   Thumb Code    50  httpparser.o(.text)
    inet_addr_                               0x00002b81   Thumb Code    64  httpparser.o(.text)
    default_mcu_reset                        0x00002c2d   Thumb Code     2  httpserver.o(.text)
    default_wdt_reset                        0x00002c2f   Thumb Code     2  httpserver.o(.text)
    httpServer_Sockinit                      0x00002c31   Thumb Code    22  httpserver.o(.text)
    httpServer_init                          0x00002c47   Thumb Code    20  httpserver.o(.text)
    reg_httpServer_cbfunc                    0x00002c5b   Thumb Code    18  httpserver.o(.text)
    read_userReg_webContent                  0x00002c6d   Thumb Code    58  httpserver.o(.text)
    get_httpServer_timecount                 0x00002d8d   Thumb Code     8  httpserver.o(.text)
    find_userReg_webContent                  0x00002e59   Thumb Code    64  httpserver.o(.text)
    httpServer_run                           0x000033bb   Thumb Code   492  httpserver.o(.text)
    httpServer_time_handler                  0x000035a7   Thumb Code   834  httpserver.o(.text)
    reg_httpServer_webContent                0x000038e9   Thumb Code    70  httpserver.o(.text)
    display_reg_webContent_list              0x0000392f   Thumb Code   104  httpserver.o(.text)
    make_json_netinfo                        0x00003a6d   Thumb Code   132  httputil.o(.text)
    predefined_get_cgi_processor             0x00003af1   Thumb Code    44  httputil.o(.text)
    http_get_cgi_handler                     0x00003b1d   Thumb Code    50  httputil.o(.text)
    set_LED                                  0x00003b4f   Thumb Code   100  httputil.o(.text)
    predefined_set_cgi_processor             0x00003bb3   Thumb Code    64  httputil.o(.text)
    http_post_cgi_handler                    0x00003bf3   Thumb Code    72  httputil.o(.text)
    idle_MDIO                                0x00003c85   Thumb Code    42  w7500x_miim.o(.text)
    input_MDIO                               0x00003caf   Thumb Code    60  w7500x_miim.o(.text)
    turnaround_MDIO                          0x00003ceb   Thumb Code    42  w7500x_miim.o(.text)
    output_MDIO                              0x00003d15   Thumb Code    76  w7500x_miim.o(.text)
    mdio_read                                0x00003d61   Thumb Code    70  w7500x_miim.o(.text)
    link                                     0x00003da7   Thumb Code    18  w7500x_miim.o(.text)
    mdio_write                               0x00003db9   Thumb Code    76  w7500x_miim.o(.text)
    set_link                                 0x00003e05   Thumb Code    24  w7500x_miim.o(.text)
    mdio_init                                0x00003e1d   Thumb Code    44  w7500x_miim.o(.text)
    loopback_tcps                            0x00003e49   Thumb Code   298  loopback.o(.text)
    loopback_tcpc                            0x00003f73   Thumb Code   252  loopback.o(.text)
    loopback_udps                            0x0000406f   Thumb Code   166  loopback.o(.text)
    __I$use$semihosting                      0x00004235   Thumb Code     0  use_no_semi.o(.text)
    __use_no_semihosting_swi                 0x00004235   Thumb Code     2  use_no_semi.o(.text)
    __2printf                                0x00004239   Thumb Code    22  __2printf.o(.text)
    __2sprintf                               0x00004255   Thumb Code    40  __2sprintf.o(.text)
    _printf_str                              0x00004281   Thumb Code    82  _printf_str.o(.text)
    _printf_int_dec                          0x000042d5   Thumb Code    90  _printf_dec.o(.text)
    _printf_int_hex                          0x00004341   Thumb Code    84  _printf_hex_int.o(.text)
    _printf_longlong_hex                     0x00004341   Thumb Code     0  _printf_hex_int.o(.text)
    __printf                                 0x00004399   Thumb Code   352  __printf_ss_wp.o(.text)
    strtok                                   0x000044f9   Thumb Code    10  strtok.o(.text)
    strstr                                   0x00004509   Thumb Code    40  strstr.o(.text)
    strcpy                                   0x00004531   Thumb Code    70  strcpy.o(.text)
    strlen                                   0x0000457d   Thumb Code    62  strlen.o(.text)
    strcat                                   0x000045c1   Thumb Code    24  strcat.o(.text)
    __aeabi_memcpy                           0x000045d9   Thumb Code   130  rt_memcpy.o(.text)
    __rt_memcpy                              0x000045d9   Thumb Code     0  rt_memcpy.o(.text)
    _memset_w                                0x0000465b   Thumb Code    26  rt_memclr.o(.text)
    _memset                                  0x00004675   Thumb Code    30  rt_memclr.o(.text)
    __aeabi_memclr                           0x00004693   Thumb Code     4  rt_memclr.o(.text)
    __rt_memclr                              0x00004693   Thumb Code     0  rt_memclr.o(.text)
    __aeabi_memclr4                          0x00004697   Thumb Code     0  rt_memclr.o(.text)
    __aeabi_memclr8                          0x00004697   Thumb Code     0  rt_memclr.o(.text)
    __rt_memclr_w                            0x00004697   Thumb Code     4  rt_memclr.o(.text)
    strncpy                                  0x0000469d   Thumb Code   104  strncpy.o(.text)
    strcmp                                   0x00004709   Thumb Code   132  strcmp.o(.text)
    __aeabi_uidiv                            0x00004791   Thumb Code     0  aeabi_sdiv.o(.text)
    __aeabi_uidivmod                         0x00004791   Thumb Code    20  aeabi_sdiv.o(.text)
    __aeabi_idiv                             0x000047a5   Thumb Code     0  aeabi_sdiv.o(.text)
    __aeabi_idivmod                          0x000047a5   Thumb Code   326  aeabi_sdiv.o(.text)
    __use_two_region_memory                  0x000048eb   Thumb Code     2  heapauxi.o(.text)
    __rt_heap_escrow$2region                 0x000048ed   Thumb Code     2  heapauxi.o(.text)
    __rt_heap_expand$2region                 0x000048ef   Thumb Code     2  heapauxi.o(.text)
    __aeabi_dadd                             0x00004be9   Thumb Code     0  daddsub.o(.text)
    _dadd                                    0x00004be9   Thumb Code    22  daddsub.o(.text)
    __aeabi_dsub                             0x00004bff   Thumb Code     0  daddsub.o(.text)
    _dsub                                    0x00004bff   Thumb Code    22  daddsub.o(.text)
    __aeabi_drsub                            0x00004c15   Thumb Code     0  daddsub.o(.text)
    _drsb                                    0x00004c15   Thumb Code    24  daddsub.o(.text)
    __aeabi_d2uiz                            0x00004c41   Thumb Code     0  dfixui.o(.text)
    _dfixu                                   0x00004c41   Thumb Code    64  dfixui.o(.text)
    __aeabi_f2d                              0x00004c85   Thumb Code     0  f2d.o(.text)
    _f2d                                     0x00004c85   Thumb Code    80  f2d.o(.text)
    __aeabi_fdiv                             0x00004cd9   Thumb Code     0  fdiv.o(.text)
    _fdiv                                    0x00004cd9   Thumb Code   336  fdiv.o(.text)
    _frdiv                                   0x00004e29   Thumb Code     8  fdiv.o(.text)
    __aeabi_f2uiz                            0x00004e39   Thumb Code     0  ffixui.o(.text)
    _ffixu                                   0x00004e39   Thumb Code    48  ffixui.o(.text)
    __aeabi_i2f_normalise                    0x00004e69   Thumb Code    72  fflti.o(.text)
    __aeabi_i2f                              0x00004eb1   Thumb Code    16  fflti.o(.text)
    _fflt                                    0x00004eb1   Thumb Code     0  fflti.o(.text)
    __aeabi_ui2f                             0x00004ec1   Thumb Code     6  fflti.o(.text)
    _ffltu                                   0x00004ec1   Thumb Code     0  fflti.o(.text)
    __ARM_scalbnf                            0x00004ec9   Thumb Code    64  fscalbn.o(.text)
    _printf_int_common                       0x00004f0d   Thumb Code   176  _printf_intcommon.o(.text)
    _printf_char_common                      0x00004fc7   Thumb Code    32  _printf_char_common.o(.text)
    _sputc                                   0x00004fed   Thumb Code    10  _sputc.o(.text)
    _printf_cs_common                        0x00004ff7   Thumb Code    22  _printf_char.o(.text)
    _printf_char                             0x0000500d   Thumb Code    16  _printf_char.o(.text)
    _printf_string                           0x0000501d   Thumb Code     8  _printf_char.o(.text)
    _printf_char_file                        0x00005025   Thumb Code    34  _printf_char_file.o(.text)
    __strtok_internal                        0x0000504d   Thumb Code    66  strtok_int.o(.text)
    __rt_udiv10                              0x00005095   Thumb Code    40  rtudiv10.o(.text)
    strcspn                                  0x000050bd   Thumb Code    34  strcspn.o(.text)
    strspn                                   0x000050df   Thumb Code    32  strspn.o(.text)
    __user_setup_stackheap                   0x000050ff   Thumb Code    62  sys_stackheap_outer.o(.text)
    exit                                     0x0000513d   Thumb Code    12  exit.o(.text)
    __user_libspace                          0x00005149   Thumb Code     8  libspace.o(.text)
    __user_perproc_libspace                  0x00005149   Thumb Code     0  libspace.o(.text)
    __user_perthread_libspace                0x00005149   Thumb Code     0  libspace.o(.text)
    __ARM_common_switch8                     0x00005151   Thumb Code    26  socket.o(i.__ARM_common_switch8)
    _is_digit                                0x0000516b   Thumb Code    14  __printf_wp.o(i._is_digit)
    __aeabi_fadd                             0x00005179   Thumb Code     0  faddsub.o(x$fpl$fadd)
    _fadd                                    0x00005179   Thumb Code   134  faddsub.o(x$fpl$fadd)
    __aeabi_frsub                            0x00005205   Thumb Code     0  faddsub.o(x$fpl$frsb)
    _frsb                                    0x00005205   Thumb Code    24  faddsub.o(x$fpl$frsb)
    __aeabi_fsub                             0x0000521d   Thumb Code     0  faddsub.o(x$fpl$fsub)
    _fsub                                    0x0000521d   Thumb Code   204  faddsub.o(x$fpl$fsub)
    __I$use$fp                               0x000052ec   Number         0  usenofp.o(x$fpl$usenofp)
    Region$$Table$$Base                      0x00006824   Number         0  anon$$obj.o(Region$$Table)
    Region$$Table$$Limit                     0x00006844   Number         0  anon$$obj.o(Region$$Table)
    SystemFrequency                          0x20000000   Data           4  system_w7500x.o(.data)
    SystemCoreClock                          0x20000004   Data           4  system_w7500x.o(.data)
    socknumlist                              0x2000000c   Data           6  main.o(.data)
    __stdout                                 0x20000014   Data           4  retarget.o(.data)
    systick                                  0x20000018   Data           4  w7500x_it.o(.data)
    WIZCHIP                                  0x20000034   Data          32  wizchip_conf.o(.data)
    httpServer_tick_1s                       0x20000058   Data           4  httpserver.o(.data)
    HTTPServer_ReStart                       0x2000005c   Data           4  httpserver.o(.data)
    HTTPServer_WDT_Reset                     0x20000060   Data           4  httpserver.o(.data)
    pHTTP_TX                                 0x20000070   Data           4  httpserver.o(.data)
    pHTTP_RX                                 0x20000074   Data           4  httpserver.o(.data)
    RX_BUF                                   0x20000084   Data        2048  main.o(.bss)
    TX_BUF                                   0x20000884   Data        2048  main.o(.bss)
    BUFPUB                                   0x20001094   Data         256  httpparser.o(.bss)
    HTTPSock_Status                          0x20001194   Data        1184  httpserver.o(.bss)
    web_content                              0x20001634   Data         560  httpserver.o(.bss)
    __libspace_start                         0x20001864   Data          96  libspace.o(.bss)
    __temporary_stack_top$libspace           0x200018c4   Data           0  libspace.o(.bss)



==============================================================================

Memory Map of the image

  Image Entry point : 0x000000a9

  Load Region LR_IROM1 (Base: 0x00000000, Size: 0x000068c8, Max: 0x00020000, ABSOLUTE)

    Execution Region ER_IROM1 (Base: 0x00000000, Size: 0x00006844, Max: 0x00020000, ABSOLUTE)

    Base Addr    Size         Type   Attr      Idx    E Section Name        Object

    0x00000000   0x000000a8   Data   RO            3    RESET               startup_w7500x.o
    0x000000a8   0x00000008   Code   RO          602  * !!!main             c_p.l(__main.o)
    0x000000b0   0x0000003c   Code   RO          805    !!!scatter          c_p.l(__scatter.o)
    0x000000ec   0x0000001a   Code   RO          807    !!handler_copy      c_p.l(__scatter_copy.o)
    0x00000106   0x00000002   PAD
    0x00000108   0x0000001c   Code   RO          809    !!handler_zi        c_p.l(__scatter_zi.o)
    0x00000124   0x00000002   Code   RO          574    .ARM.Collect$$_printf_percent$$00000000  c_p.l(_printf_percent.o)
    0x00000126   0x0000000a   Code   RO          573    .ARM.Collect$$_printf_percent$$00000009  c_p.l(_printf_d.o)
    0x00000130   0x0000000a   Code   RO          572    .ARM.Collect$$_printf_percent$$0000000C  c_p.l(_printf_x.o)
    0x0000013a   0x0000000a   Code   RO          571    .ARM.Collect$$_printf_percent$$00000014  c_p.l(_printf_s.o)
    0x00000144   0x00000004   Code   RO          640    .ARM.Collect$$_printf_percent$$00000017  c_p.l(_printf_percent_end.o)
    0x00000148   0x00000002   Code   RO          683    .ARM.Collect$$libinit$$00000000  c_p.l(libinit.o)
    0x0000014a   0x00000004   Code   RO          696    .ARM.Collect$$libinit$$00000001  c_p.l(libinit2.o)
    0x0000014e   0x00000000   Code   RO          700    .ARM.Collect$$libinit$$00000008  c_p.l(libinit2.o)
    0x0000014e   0x00000000   Code   RO          702    .ARM.Collect$$libinit$$0000000A  c_p.l(libinit2.o)
    0x0000014e   0x00000000   Code   RO          704    .ARM.Collect$$libinit$$0000000C  c_p.l(libinit2.o)
    0x0000014e   0x00000000   Code   RO          707    .ARM.Collect$$libinit$$0000000F  c_p.l(libinit2.o)
    0x0000014e   0x00000000   Code   RO          709    .ARM.Collect$$libinit$$00000011  c_p.l(libinit2.o)
    0x0000014e   0x00000000   Code   RO          711    .ARM.Collect$$libinit$$00000013  c_p.l(libinit2.o)
    0x0000014e   0x00000000   Code   RO          713    .ARM.Collect$$libinit$$00000015  c_p.l(libinit2.o)
    0x0000014e   0x00000000   Code   RO          715    .ARM.Collect$$libinit$$00000017  c_p.l(libinit2.o)
    0x0000014e   0x00000000   Code   RO          717    .ARM.Collect$$libinit$$00000019  c_p.l(libinit2.o)
    0x0000014e   0x00000000   Code   RO          719    .ARM.Collect$$libinit$$0000001B  c_p.l(libinit2.o)
    0x0000014e   0x00000000   Code   RO          721    .ARM.Collect$$libinit$$0000001D  c_p.l(libinit2.o)
    0x0000014e   0x00000000   Code   RO          723    .ARM.Collect$$libinit$$0000001F  c_p.l(libinit2.o)
    0x0000014e   0x00000000   Code   RO          725    .ARM.Collect$$libinit$$00000021  c_p.l(libinit2.o)
    0x0000014e   0x00000000   Code   RO          727    .ARM.Collect$$libinit$$00000023  c_p.l(libinit2.o)
    0x0000014e   0x00000000   Code   RO          731    .ARM.Collect$$libinit$$0000002A  c_p.l(libinit2.o)
    0x0000014e   0x00000000   Code   RO          733    .ARM.Collect$$libinit$$0000002C  c_p.l(libinit2.o)
    0x0000014e   0x00000000   Code   RO          735    .ARM.Collect$$libinit$$0000002E  c_p.l(libinit2.o)
    0x0000014e   0x00000000   Code   RO          737    .ARM.Collect$$libinit$$00000030  c_p.l(libinit2.o)
    0x0000014e   0x00000002   Code   RO          738    .ARM.Collect$$libinit$$00000031  c_p.l(libinit2.o)
    0x00000150   0x00000002   Code   RO          762    .ARM.Collect$$libshutdown$$00000000  c_p.l(libshutdown.o)
    0x00000152   0x00000000   Code   RO          789    .ARM.Collect$$libshutdown$$00000003  c_p.l(libshutdown2.o)
    0x00000152   0x00000000   Code   RO          792    .ARM.Collect$$libshutdown$$00000006  c_p.l(libshutdown2.o)
    0x00000152   0x00000000   Code   RO          795    .ARM.Collect$$libshutdown$$00000009  c_p.l(libshutdown2.o)
    0x00000152   0x00000000   Code   RO          797    .ARM.Collect$$libshutdown$$0000000B  c_p.l(libshutdown2.o)
    0x00000152   0x00000000   Code   RO          800    .ARM.Collect$$libshutdown$$0000000E  c_p.l(libshutdown2.o)
    0x00000152   0x00000002   Code   RO          801    .ARM.Collect$$libshutdown$$0000000F  c_p.l(libshutdown2.o)
    0x00000154   0x00000000   Code   RO          625    .ARM.Collect$$rtentry$$00000000  c_p.l(rtentry.o)
    0x00000154   0x00000000   Code   RO          647    .ARM.Collect$$rtentry$$00000002  c_p.l(rtentry2.o)
    0x00000154   0x00000006   Code   RO          659    .ARM.Collect$$rtentry$$00000004  c_p.l(rtentry4.o)
    0x0000015a   0x00000000   Code   RO          649    .ARM.Collect$$rtentry$$00000009  c_p.l(rtentry2.o)
    0x0000015a   0x00000004   Code   RO          650    .ARM.Collect$$rtentry$$0000000A  c_p.l(rtentry2.o)
    0x0000015e   0x00000000   Code   RO          652    .ARM.Collect$$rtentry$$0000000C  c_p.l(rtentry2.o)
    0x0000015e   0x00000008   Code   RO          653    .ARM.Collect$$rtentry$$0000000D  c_p.l(rtentry2.o)
    0x00000166   0x00000002   Code   RO          688    .ARM.Collect$$rtexit$$00000000  c_p.l(rtexit.o)
    0x00000168   0x00000000   Code   RO          740    .ARM.Collect$$rtexit$$00000002  c_p.l(rtexit2.o)
    0x00000168   0x00000004   Code   RO          741    .ARM.Collect$$rtexit$$00000003  c_p.l(rtexit2.o)
    0x0000016c   0x00000006   Code   RO          742    .ARM.Collect$$rtexit$$00000004  c_p.l(rtexit2.o)
    0x00000172   0x00000002   PAD
    0x00000174   0x00000038   Code   RO          586    .emb_text           c_p.l(rt_memcpy.o)
    0x000001ac   0x00000038   Code   RO            4    .text               startup_w7500x.o
    0x000001e4   0x00000234   Code   RO          120    .text               w7500x_gpio.o
    0x00000418   0x00000220   Code   RO          140    .text               w7500x_uart.o
    0x00000638   0x000000b4   Code   RO          161    .text               w7500x_wztoe.o
    0x000006ec   0x00000648   Code   RO          182    .text               w7500x_pwm.o
    0x00000d34   0x00000060   Code   RO          203    .text               system_w7500x.o
    0x00000d94   0x00000530   Code   RO          230    .text               main.o
    0x000012c4   0x00000038   Code   RO          259    .text               retarget.o
    0x000012fc   0x00000050   Code   RO          293    .text               w7500x_it.o
    0x0000134c   0x00000ab4   Code   RO          316    .text               socket.o
    0x00001e00   0x000005cc   Code   RO          348    .text               wizchip_conf.o
    0x000023cc   0x00000860   Code   RO          385    .text               httpparser.o
    0x00002c2c   0x00000e40   Code   RO          416    .text               httpserver.o
    0x00003a6c   0x00000218   Code   RO          452    .text               httputil.o
    0x00003c84   0x000001c4   Code   RO          473    .text               w7500x_miim.o
    0x00003e48   0x000003ec   Code   RO          494    .text               loopback.o
    0x00004234   0x00000002   Code   RO          514    .text               c_p.l(use_no_semi.o)
    0x00004236   0x00000002   PAD
    0x00004238   0x0000001c   Code   RO          516    .text               c_p.l(__2printf.o)
    0x00004254   0x0000002c   Code   RO          518    .text               c_p.l(__2sprintf.o)
    0x00004280   0x00000052   Code   RO          526    .text               c_p.l(_printf_str.o)
    0x000042d2   0x00000002   PAD
    0x000042d4   0x0000006c   Code   RO          528    .text               c_p.l(_printf_dec.o)
    0x00004340   0x00000058   Code   RO          533    .text               c_p.l(_printf_hex_int.o)
    0x00004398   0x00000160   Code   RO          566    .text               c_p.l(__printf_ss_wp.o)
    0x000044f8   0x00000010   Code   RO          575    .text               c_p.l(strtok.o)
    0x00004508   0x00000028   Code   RO          578    .text               c_p.l(strstr.o)
    0x00004530   0x0000004c   Code   RO          580    .text               c_p.l(strcpy.o)
    0x0000457c   0x00000044   Code   RO          582    .text               c_p.l(strlen.o)
    0x000045c0   0x00000018   Code   RO          584    .text               c_p.l(strcat.o)
    0x000045d8   0x00000082   Code   RO          587    .text               c_p.l(rt_memcpy.o)
    0x0000465a   0x00000040   Code   RO          590    .text               c_p.l(rt_memclr.o)
    0x0000469a   0x00000002   PAD
    0x0000469c   0x0000006c   Code   RO          592    .text               c_p.l(strncpy.o)
    0x00004708   0x00000088   Code   RO          594    .text               c_p.l(strcmp.o)
    0x00004790   0x0000015a   Code   RO          596    .text               c_p.l(aeabi_sdiv.o)
    0x000048ea   0x00000006   Code   RO          600    .text               c_p.l(heapauxi.o)
    0x000048f0   0x00000350   Code   RO          604    .text               fz_ps.l(daddsub.o)
    0x00004c40   0x00000044   Code   RO          606    .text               fz_ps.l(dfixui.o)
    0x00004c84   0x00000054   Code   RO          608    .text               fz_ps.l(f2d.o)
    0x00004cd8   0x00000160   Code   RO          616    .text               fz_ps.l(fdiv.o)
    0x00004e38   0x00000030   Code   RO          619    .text               fz_ps.l(ffixui.o)
    0x00004e68   0x0000005e   Code   RO          621    .text               fz_ps.l(fflti.o)
    0x00004ec6   0x00000002   PAD
    0x00004ec8   0x00000044   Code   RO          623    .text               fz_ps.l(fscalbn.o)
    0x00004f0c   0x000000b0   Code   RO          630    .text               c_p.l(_printf_intcommon.o)
    0x00004fbc   0x00000030   Code   RO          632    .text               c_p.l(_printf_char_common.o)
    0x00004fec   0x0000000a   Code   RO          634    .text               c_p.l(_sputc.o)
    0x00004ff6   0x0000002e   Code   RO          636    .text               c_p.l(_printf_char.o)
    0x00005024   0x00000028   Code   RO          638    .text               c_p.l(_printf_char_file.o)
    0x0000504c   0x00000048   Code   RO          641    .text               c_p.l(strtok_int.o)
    0x00005094   0x00000028   Code   RO          643    .text               c_p.l(rtudiv10.o)
    0x000050bc   0x00000022   Code   RO          665    .text               c_p.l(strcspn.o)
    0x000050de   0x00000020   Code   RO          667    .text               c_p.l(strspn.o)
    0x000050fe   0x0000003e   Code   RO          669    .text               c_p.l(sys_stackheap_outer.o)
    0x0000513c   0x0000000c   Code   RO          672    .text               c_p.l(exit.o)
    0x00005148   0x00000008   Code   RO          684    .text               c_p.l(libspace.o)
    0x00005150   0x0000001a   Code   RO          334    i.__ARM_common_switch8  socket.o
    0x0000516a   0x0000000e   Code   RO          561    i._is_digit         c_p.l(__printf_wp.o)
    0x00005178   0x0000008c   Code   RO          610    x$fpl$fadd          fz_ps.l(faddsub.o)
    0x00005204   0x00000018   Code   RO          611    x$fpl$frsb          fz_ps.l(faddsub.o)
    0x0000521c   0x000000d0   Code   RO          612    x$fpl$fsub          fz_ps.l(faddsub.o)
    0x000052ec   0x00000000   Code   RO          645    x$fpl$usenofp       fz_ps.l(usenofp.o)
    0x000052ec   0x0000010f   Data   RO          418    .constdata          httpserver.o
    0x000053fb   0x00000028   Data   RO          534    .constdata          c_p.l(_printf_hex_int.o)
    0x00005423   0x00000040   Data   RO          617    .constdata          fz_ps.l(fdiv.o)
    0x00005463   0x00000001   PAD
    0x00005464   0x00000f4d   Data   RO          232    .conststring        main.o
    0x000063b1   0x00000003   PAD
    0x000063b4   0x000002bc   Data   RO          387    .conststring        httpparser.o
    0x00006670   0x000000da   Data   RO          419    .conststring        httpserver.o
    0x0000674a   0x00000002   PAD
    0x0000674c   0x000000d5   Data   RO          453    .conststring        httputil.o
    0x00006821   0x00000003   PAD
    0x00006824   0x00000020   Data   RO          803    Region$$Table       anon$$obj.o


    Execution Region RW_IRAM1 (Base: 0x20000000, Size: 0x00001bc8, Max: 0x00004000, ABSOLUTE)

    Base Addr    Size         Type   Attr      Idx    E Section Name        Object

    0x20000000   0x00000004   Data   RW          204    .data               system_w7500x.o
    0x20000004   0x00000004   Data   RW          205    .data               system_w7500x.o
    0x20000008   0x0000000a   Data   RW          233    .data               main.o
    0x20000012   0x00000002   PAD
    0x20000014   0x00000004   Data   RW          260    .data               retarget.o
    0x20000018   0x00000004   Data   RW          294    .data               w7500x_it.o
    0x2000001c   0x0000000e   Data   RW          318    .data               socket.o
    0x2000002a   0x00000002   PAD
    0x2000002c   0x00000028   Data   RW          349    .data               wizchip_conf.o
    0x20000054   0x0000002c   Data   RW          420    .data               httpserver.o
    0x20000080   0x00000004   Data   RW          576    .data               c_p.l(strtok.o)
    0x20000084   0x00001000   Zero   RW          231    .bss                main.o
    0x20001084   0x00000010   Zero   RW          317    .bss                socket.o
    0x20001094   0x00000100   Zero   RW          386    .bss                httpparser.o
    0x20001194   0x000006d0   Zero   RW          417    .bss                httpserver.o
    0x20001864   0x00000060   Zero   RW          685    .bss                c_p.l(libspace.o)
    0x200018c4   0x00000004   PAD
    0x200018c8   0x00000100   Zero   RW            2    HEAP                startup_w7500x.o
    0x200019c8   0x00000200   Zero   RW            1    STACK               startup_w7500x.o


==============================================================================

Image component sizes


      Code (inc. data)   RO Data    RW Data    ZI Data      Debug   Object Name

      2144        878        700          0        256       7468   httpparser.o
      3648       1836        489         44       1744      11515   httpserver.o
       536         74        213          0          0       2761   httputil.o
      1004        288          0          0          0       2368   loopback.o
      1328        358       3917         10       4096       8961   main.o
        56          4          0          4          0       2982   retarget.o
      2766        100          0         14         16       8907   socket.o
        56         26        168          0        768        836   startup_w7500x.o
        96         20          0          8          0       1324   system_w7500x.o
         0          0          0          0          0      42518   w7500x_crg.o
       564         14          0          0          0       3426   w7500x_gpio.o
        80          6          0          4          0       3412   w7500x_it.o
       452          0          0          0          0       2650   w7500x_miim.o
      1608         76          0          0          0      12587   w7500x_pwm.o
       544         24          0          0          0       5515   w7500x_uart.o
       180         12          0          0          0       2418   w7500x_wztoe.o
      1484         82          0         40          0       9786   wizchip_conf.o

    ----------------------------------------------------------------------
     16546       3798       5527        128       6880     129434   Object Totals
         0          0         32          0          0          0   (incl. Generated)
         0          0          8          4          0          0   (incl. Padding)

    ----------------------------------------------------------------------

      Code (inc. data)   RO Data    RW Data    ZI Data      Debug   Library Member Name

        28          6          0          0          0         84   __2printf.o
        44          4          0          0          0         84   __2sprintf.o
         8          0          0          0          0         68   __main.o
       352          0          0          0          0         76   __printf_ss_wp.o
        14          0          0          0          0         60   __printf_wp.o
        60          8          0          0          0          0   __scatter.o
        26          0          0          0          0          0   __scatter_copy.o
        28          0          0          0          0          0   __scatter_zi.o
        46          0          0          0          0        100   _printf_char.o
        48          6          0          0          0         88   _printf_char_common.o
        40          6          0          0          0         72   _printf_char_file.o
        10          0          0          0          0          0   _printf_d.o
       108         18          0          0          0         76   _printf_dec.o
        88          4         40          0          0         72   _printf_hex_int.o
       176          0          0          0          0         84   _printf_intcommon.o
         2          0          0          0          0          0   _printf_percent.o
         4          0          0          0          0          0   _printf_percent_end.o
        10          0          0          0          0          0   _printf_s.o
        82          0          0          0          0         72   _printf_str.o
        10          0          0          0          0          0   _printf_x.o
        10          0          0          0          0         60   _sputc.o
       346          0          0          0          0         92   aeabi_sdiv.o
        12          0          0          0          0         64   exit.o
         6          0          0          0          0        136   heapauxi.o
         2          0          0          0          0          0   libinit.o
         6          0          0          0          0          0   libinit2.o
         2          0          0          0          0          0   libshutdown.o
         2          0          0          0          0          0   libshutdown2.o
         8          4          0          0         96         68   libspace.o
        64          0          0          0          0        108   rt_memclr.o
       186          0          0          0          0        144   rt_memcpy.o
         0          0          0          0          0          0   rtentry.o
        12          0          0          0          0          0   rtentry2.o
         6          0          0          0          0          0   rtentry4.o
         2          0          0          0          0          0   rtexit.o
        10          0          0          0          0          0   rtexit2.o
        40          0          0          0          0         60   rtudiv10.o
        24          0          0          0          0         60   strcat.o
       136          4          0          0          0         72   strcmp.o
        76          6          0          0          0         72   strcpy.o
        34          0          0          0          0         72   strcspn.o
        68          6          0          0          0         72   strlen.o
       108          4          0          0          0         76   strncpy.o
        32          0          0          0          0         72   strspn.o
        40          0          0          0          0         72   strstr.o
        16          6          0          4          0         68   strtok.o
        72          6          0          0          0         76   strtok_int.o
        62          0          0          0          0         80   sys_stackheap_outer.o
         2          0          0          0          0         68   use_no_semi.o
       848         20          0          0          0        228   daddsub.o
        68          4          0          0          0         68   dfixui.o
        84          4          0          0          0         60   f2d.o
       372          8          0          0          0        240   faddsub.o
       352          8         64          0          0         88   fdiv.o
        48          0          0          0          0         60   ffixui.o
        94          0          0          0          0         92   fflti.o
        68          4          0          0          0         68   fscalbn.o
         0          0          0          0          0          0   usenofp.o

    ----------------------------------------------------------------------
      4514        136        105          4        100       3432   Library Totals
        12          0          1          0          4          0   (incl. Padding)

    ----------------------------------------------------------------------

      Code (inc. data)   RO Data    RW Data    ZI Data      Debug   Library Name

      2568         88         40          4         96       2528   c_p.l
      1934         48         64          0          0        904   fz_ps.l

    ----------------------------------------------------------------------
      4514        136        105          4        100       3432   Library Totals

    ----------------------------------------------------------------------

==============================================================================


      Code (inc. data)   RO Data    RW Data    ZI Data      Debug   

     21060       3934       5632        132       6980     129390   Grand Totals
     21060       3934       5632        132       6980     129390   ELF Image Totals
     21060       3934       5632        132          0          0   ROM Totals

==============================================================================

    Total RO  Size (Code + RO Data)                26692 (  26.07kB)
    Total RW  Size (RW Data + ZI Data)              7112 (   6.95kB)
    Total ROM Size (Code + RO Data + RW Data)      26824 (  26.20kB)

==============================================================================

